Aug  7 03:37:01 TIM rsyslogd: [origin software="rsyslogd" swVersion="5.8.10" x-pid="1515" x-info="http://www.rsyslog.com"] rsyslogd was HUPed
Aug  7 03:37:01 TIM rhsmd: In order for Subscription Manager to provide your system with updates, your system must be registered with the Customer Portal. Please enter your Red Hat login to ensure your system is up-to-date.
Aug  8 03:20:02 TIM rhsmd: In order for Subscription Manager to provide your system with updates, your system must be registered with the Customer Portal. Please enter your Red Hat login to ensure your system is up-to-date.
Aug  8 09:50:16 TIM kernel: java[136597]: segfault at 0 ip 00007fbc817e60c0 sp 00007fbc598cf0b0 error 6 in libj9prt24.so[7fbc817db000+24000]
Aug  8 09:50:32 TIM abrt[136598]: Write error: No space left on device
Aug  8 09:50:42 TIM abrt[136598]: Error writing 'core.136597' at '/opt/IBM/WebSphere/AppServer/profiles/AppSrv01': No space left on device
Aug  8 09:50:43 TIM abrt[136598]: Error writing '/var/spool/abrt/ccpp-2016-08-08-09:50:16-136597.new/coredump'
Aug  8 17:08:30 TIM kernel: java[1381]: segfault at 0 ip 00007f247e0a30c0 sp 00007f24384bf3b0 error 6 in libj9prt24.so[7f247e098000+24000]
Aug  8 17:08:30 TIM abrt[1382]: Aborting dump: only 139MiB is available on /var/spool/abrt
Aug  9 03:10:02 TIM rhsmd: In order for Subscription Manager to provide your system with updates, your system must be registered with the Customer Portal. Please enter your Red Hat login to ensure your system is up-to-date.
Aug  9 13:57:23 TIM kernel: java[78356]: segfault at 0 ip 00007ffaef8790c0 sp 00007ffa2b08b3b0 error 6 in libj9prt24.so[7ffaef86e000+24000]
Aug  9 13:57:23 TIM abrt[78357]: Aborting dump: only 175MiB is available on /var/spool/abrt
Aug  9 13:59:28 TIM RMCdaemon[1551]: (Recorded using libct_ffdc.a cv 2):::Error ID: 824.....3LeL/TAR182e.2/...................:::Reference ID:  :::Template ID: 0:::Details File:  :::Location: RSCT,rmcd.c,1.80,900                          :::RMCD_INFO_1_ST#012停止守护程序。#012停止守护程序的命令号#0123
Aug  9 13:59:28 TIM gnome-session[2214]: GConf-WARNING: Directory `/desktop/gnome/session' was not being monitored by GConfClient 0x1ad4580
Aug  9 13:59:28 TIM gnome-session[2214]: GConf-WARNING: Directory `/desktop/gnome/lockdown' was not being monitored by GConfClient 0x1ad4580
Aug  9 13:59:28 TIM init: tty (/dev/tty2) main process (2064) killed by TERM signal
Aug  9 13:59:28 TIM init: tty (/dev/tty3) main process (2066) killed by TERM signal
Aug  9 13:59:28 TIM init: tty (/dev/tty4) main process (2068) killed by TERM signal
Aug  9 13:59:28 TIM init: tty (/dev/tty5) main process (2070) killed by TERM signal
Aug  9 13:59:28 TIM init: tty (/dev/tty6) main process (2078) killed by TERM signal
Aug  9 13:59:30 TIM abrtd: Got signal 15, exiting
Aug  9 13:59:33 TIM init: srcmstr main process (1278) killed by KILL signal
Aug  9 13:59:34 TIM acpid: exiting
Aug  9 13:59:34 TIM init: Disconnected from system bus
Aug  9 13:59:44 TIM rpcbind: rpcbind terminating on signal. Restart with "rpcbind -w"
Aug  9 13:59:44 TIM kernel: Kernel logging (proc) stopped.
Aug  9 13:59:44 TIM rsyslogd: [origin software="rsyslogd" swVersion="5.8.10" x-pid="1515" x-info="http://www.rsyslog.com"] exiting on signal 15.
Aug  9 14:00:21 TIM kernel: imklog 5.8.10, log source = /proc/kmsg started.
Aug  9 14:00:21 TIM rsyslogd: [origin software="rsyslogd" swVersion="5.8.10" x-pid="1495" x-info="http://www.rsyslog.com"] start
Aug  9 14:00:21 TIM kernel: Initializing cgroup subsys cpuset
Aug  9 14:00:21 TIM kernel: Initializing cgroup subsys cpu
Aug  9 14:00:21 TIM kernel: Linux version 2.6.32-358.el6.x86_64 (mockbuild@x86-022.build.eng.bos.redhat.com) (gcc version 4.4.7 20120313 (Red Hat 4.4.7-3) (GCC) ) #1 SMP Tue Jan 29 11:47:41 EST 2013
Aug  9 14:00:21 TIM kernel: Command line: ro root=/dev/mapper/VolGroup-lv_root rd_NO_LUKS rd_NO_MD rd_LVM_LV=VolGroup/lv_swap crashkernel=128M LANG=zh_CN.UTF-8 rd_LVM_LV=VolGroup/lv_root  KEYBOARDTYPE=pc KEYTABLE=us rd_NO_DM rhgb quiet
Aug  9 14:00:21 TIM kernel: KERNEL supported cpus:
Aug  9 14:00:21 TIM kernel:  Intel GenuineIntel
Aug  9 14:00:21 TIM kernel:  AMD AuthenticAMD
Aug  9 14:00:21 TIM kernel:  Centaur CentaurHauls
Aug  9 14:00:21 TIM kernel: BIOS-provided physical RAM map:
Aug  9 14:00:21 TIM kernel: BIOS-e820: 0000000000000000 - 000000000009fc00 (usable)
Aug  9 14:00:21 TIM kernel: BIOS-e820: 000000000009fc00 - 00000000000a0000 (reserved)
Aug  9 14:00:21 TIM kernel: BIOS-e820: 00000000000f0000 - 0000000000100000 (reserved)
Aug  9 14:00:21 TIM kernel: BIOS-e820: 0000000000100000 - 00000000bffe0000 (usable)
Aug  9 14:00:21 TIM kernel: BIOS-e820: 00000000bffe0000 - 00000000c0000000 (reserved)
Aug  9 14:00:21 TIM kernel: BIOS-e820: 00000000feffc000 - 00000000ff000000 (reserved)
Aug  9 14:00:21 TIM kernel: BIOS-e820: 00000000fffc0000 - 0000000100000000 (reserved)
Aug  9 14:00:21 TIM kernel: BIOS-e820: 0000000100000000 - 0000000440000000 (usable)
Aug  9 14:00:21 TIM kernel: DMI 2.8 present.
Aug  9 14:00:21 TIM kernel: SMBIOS version 2.8 @ 0xF0B00
Aug  9 14:00:21 TIM kernel: last_pfn = 0x440000 max_arch_pfn = 0x400000000
Aug  9 14:00:21 TIM kernel: PAT not supported by CPU.
Aug  9 14:00:21 TIM kernel: last_pfn = 0xbffe0 max_arch_pfn = 0x400000000
Aug  9 14:00:21 TIM kernel: init_memory_mapping: 0000000000000000-00000000bffe0000
Aug  9 14:00:21 TIM kernel: init_memory_mapping: 0000000100000000-0000000440000000
Aug  9 14:00:21 TIM kernel: RAMDISK: 37030000 - 37fefa45
Aug  9 14:00:21 TIM kernel: ACPI: RSDP 00000000000f0ad0 00014 (v00 BOCHS )
Aug  9 14:00:21 TIM kernel: ACPI: RSDT 00000000bffe6a9c 00038 (v01 BOCHS  BXPCRSDT 00000001 BXPC 00000001)
Aug  9 14:00:21 TIM kernel: ACPI: FACP 00000000bffe0b37 00074 (v01 BOCHS  BXPCFACP 00000001 BXPC 00000001)
Aug  9 14:00:21 TIM kernel: ACPI: DSDT 00000000bffe0040 00AF7 (v01 BOCHS  BXPCDSDT 00000001 BXPC 00000001)
Aug  9 14:00:21 TIM kernel: ACPI: FACS 00000000bffe0000 00040
Aug  9 14:00:21 TIM kernel: ACPI: SSDT 00000000bffe0bab 04E79 (v01 BOCHS  BXPCSSDT 00000001 BXPC 00000001)
Aug  9 14:00:21 TIM kernel: ACPI: APIC 00000000bffe5a24 00570 (v01 BOCHS  BXPCAPIC 00000001 BXPC 00000001)
Aug  9 14:00:21 TIM kernel: ACPI: HPET 00000000bffe5f94 00038 (v01 BOCHS  BXPCHPET 00000001 BXPC 00000001)
Aug  9 14:00:21 TIM kernel: ACPI: SRAT 00000000bffe5fcc 00AD0 (v01 BOCHS  BXPCSRAT 00000001 BXPC 00000001)
Aug  9 14:00:21 TIM kernel: Setting APIC routing to flat.
Aug  9 14:00:21 TIM kernel: SRAT: PXM 0 -> APIC 0 -> Node 0
Aug  9 14:00:21 TIM kernel: SRAT: PXM 0 -> APIC 1 -> Node 0
Aug  9 14:00:21 TIM kernel: SRAT: PXM 0 -> APIC 2 -> Node 0
Aug  9 14:00:21 TIM kernel: SRAT: PXM 0 -> APIC 3 -> Node 0
Aug  9 14:00:21 TIM kernel: SRAT: PXM 0 -> APIC 4 -> Node 0
Aug  9 14:00:21 TIM kernel: SRAT: PXM 0 -> APIC 5 -> Node 0
Aug  9 14:00:21 TIM kernel: SRAT: PXM 0 -> APIC 6 -> Node 0
Aug  9 14:00:21 TIM kernel: SRAT: PXM 0 -> APIC 7 -> Node 0
Aug  9 14:00:21 TIM kernel: SRAT: PXM 0 -> APIC 8 -> Node 0
Aug  9 14:00:21 TIM kernel: SRAT: PXM 0 -> APIC 9 -> Node 0
Aug  9 14:00:21 TIM kernel: SRAT: PXM 0 -> APIC 10 -> Node 0
Aug  9 14:00:21 TIM kernel: SRAT: PXM 0 -> APIC 11 -> Node 0
Aug  9 14:00:21 TIM kernel: SRAT: PXM 0 -> APIC 12 -> Node 0
Aug  9 14:00:21 TIM kernel: SRAT: PXM 0 -> APIC 13 -> Node 0
Aug  9 14:00:21 TIM kernel: SRAT: PXM 0 -> APIC 14 -> Node 0
Aug  9 14:00:21 TIM kernel: SRAT: PXM 0 -> APIC 15 -> Node 0
Aug  9 14:00:21 TIM kernel: SRAT: PXM 0 -> APIC 16 -> Node 0
Aug  9 14:00:21 TIM kernel: SRAT: PXM 0 -> APIC 17 -> Node 0
Aug  9 14:00:21 TIM kernel: SRAT: PXM 0 -> APIC 18 -> Node 0
Aug  9 14:00:21 TIM kernel: SRAT: PXM 0 -> APIC 19 -> Node 0
Aug  9 14:00:21 TIM kernel: SRAT: PXM 0 -> APIC 20 -> Node 0
Aug  9 14:00:21 TIM kernel: SRAT: PXM 0 -> APIC 21 -> Node 0
Aug  9 14:00:21 TIM kernel: SRAT: PXM 0 -> APIC 22 -> Node 0
Aug  9 14:00:21 TIM kernel: SRAT: PXM 0 -> APIC 23 -> Node 0
Aug  9 14:00:21 TIM kernel: SRAT: PXM 0 -> APIC 24 -> Node 0
Aug  9 14:00:21 TIM kernel: SRAT: PXM 0 -> APIC 25 -> Node 0
Aug  9 14:00:21 TIM kernel: SRAT: PXM 0 -> APIC 26 -> Node 0
Aug  9 14:00:21 TIM kernel: SRAT: PXM 0 -> APIC 27 -> Node 0
Aug  9 14:00:21 TIM kernel: SRAT: PXM 0 -> APIC 28 -> Node 0
Aug  9 14:00:21 TIM kernel: SRAT: PXM 0 -> APIC 29 -> Node 0
Aug  9 14:00:21 TIM kernel: SRAT: PXM 0 -> APIC 30 -> Node 0
Aug  9 14:00:21 TIM kernel: SRAT: PXM 0 -> APIC 31 -> Node 0
Aug  9 14:00:21 TIM kernel: SRAT: PXM 0 -> APIC 32 -> Node 0
Aug  9 14:00:21 TIM kernel: SRAT: PXM 0 -> APIC 33 -> Node 0
Aug  9 14:00:21 TIM kernel: SRAT: PXM 0 -> APIC 34 -> Node 0
Aug  9 14:00:21 TIM kernel: SRAT: PXM 0 -> APIC 35 -> Node 0
Aug  9 14:00:21 TIM kernel: SRAT: PXM 0 -> APIC 36 -> Node 0
Aug  9 14:00:21 TIM kernel: SRAT: PXM 0 -> APIC 37 -> Node 0
Aug  9 14:00:21 TIM kernel: SRAT: PXM 0 -> APIC 38 -> Node 0
Aug  9 14:00:21 TIM kernel: SRAT: PXM 0 -> APIC 39 -> Node 0
Aug  9 14:00:21 TIM kernel: SRAT: PXM 0 -> APIC 40 -> Node 0
Aug  9 14:00:21 TIM kernel: SRAT: PXM 0 -> APIC 41 -> Node 0
Aug  9 14:00:21 TIM kernel: SRAT: PXM 0 -> APIC 42 -> Node 0
Aug  9 14:00:21 TIM kernel: SRAT: PXM 0 -> APIC 43 -> Node 0
Aug  9 14:00:21 TIM kernel: SRAT: PXM 0 -> APIC 44 -> Node 0
Aug  9 14:00:21 TIM kernel: SRAT: PXM 0 -> APIC 45 -> Node 0
Aug  9 14:00:21 TIM kernel: SRAT: PXM 0 -> APIC 46 -> Node 0
Aug  9 14:00:21 TIM kernel: SRAT: PXM 0 -> APIC 47 -> Node 0
Aug  9 14:00:21 TIM kernel: SRAT: PXM 0 -> APIC 48 -> Node 0
Aug  9 14:00:21 TIM kernel: SRAT: PXM 0 -> APIC 49 -> Node 0
Aug  9 14:00:21 TIM kernel: SRAT: PXM 0 -> APIC 50 -> Node 0
Aug  9 14:00:21 TIM kernel: SRAT: PXM 0 -> APIC 51 -> Node 0
Aug  9 14:00:21 TIM kernel: SRAT: PXM 0 -> APIC 52 -> Node 0
Aug  9 14:00:21 TIM kernel: SRAT: PXM 0 -> APIC 53 -> Node 0
Aug  9 14:00:21 TIM kernel: SRAT: PXM 0 -> APIC 54 -> Node 0
Aug  9 14:00:21 TIM kernel: SRAT: PXM 0 -> APIC 55 -> Node 0
Aug  9 14:00:21 TIM kernel: SRAT: PXM 0 -> APIC 56 -> Node 0
Aug  9 14:00:21 TIM kernel: SRAT: PXM 0 -> APIC 57 -> Node 0
Aug  9 14:00:21 TIM kernel: SRAT: PXM 0 -> APIC 58 -> Node 0
Aug  9 14:00:21 TIM kernel: SRAT: PXM 0 -> APIC 59 -> Node 0
Aug  9 14:00:21 TIM kernel: SRAT: PXM 0 -> APIC 60 -> Node 0
Aug  9 14:00:21 TIM kernel: SRAT: PXM 0 -> APIC 61 -> Node 0
Aug  9 14:00:21 TIM kernel: SRAT: PXM 0 -> APIC 62 -> Node 0
Aug  9 14:00:21 TIM kernel: SRAT: PXM 0 -> APIC 63 -> Node 0
Aug  9 14:00:21 TIM kernel: SRAT: PXM 0 -> APIC 64 -> Node 0
Aug  9 14:00:21 TIM kernel: SRAT: PXM 0 -> APIC 65 -> Node 0
Aug  9 14:00:21 TIM kernel: SRAT: PXM 0 -> APIC 66 -> Node 0
Aug  9 14:00:21 TIM kernel: SRAT: PXM 0 -> APIC 67 -> Node 0
Aug  9 14:00:21 TIM kernel: SRAT: PXM 0 -> APIC 68 -> Node 0
Aug  9 14:00:21 TIM kernel: SRAT: PXM 0 -> APIC 69 -> Node 0
Aug  9 14:00:21 TIM kernel: SRAT: PXM 0 -> APIC 70 -> Node 0
Aug  9 14:00:21 TIM kernel: SRAT: PXM 0 -> APIC 71 -> Node 0
Aug  9 14:00:21 TIM kernel: SRAT: PXM 0 -> APIC 72 -> Node 0
Aug  9 14:00:21 TIM kernel: SRAT: PXM 0 -> APIC 73 -> Node 0
Aug  9 14:00:21 TIM kernel: SRAT: PXM 0 -> APIC 74 -> Node 0
Aug  9 14:00:21 TIM kernel: SRAT: PXM 0 -> APIC 75 -> Node 0
Aug  9 14:00:21 TIM kernel: SRAT: PXM 0 -> APIC 76 -> Node 0
Aug  9 14:00:21 TIM kernel: SRAT: PXM 0 -> APIC 77 -> Node 0
Aug  9 14:00:21 TIM kernel: SRAT: PXM 0 -> APIC 78 -> Node 0
Aug  9 14:00:21 TIM kernel: SRAT: PXM 0 -> APIC 79 -> Node 0
Aug  9 14:00:21 TIM kernel: SRAT: PXM 0 -> APIC 80 -> Node 0
Aug  9 14:00:21 TIM kernel: SRAT: PXM 0 -> APIC 81 -> Node 0
Aug  9 14:00:21 TIM kernel: SRAT: PXM 0 -> APIC 82 -> Node 0
Aug  9 14:00:21 TIM kernel: SRAT: PXM 0 -> APIC 83 -> Node 0
Aug  9 14:00:21 TIM kernel: SRAT: PXM 0 -> APIC 84 -> Node 0
Aug  9 14:00:21 TIM kernel: SRAT: PXM 0 -> APIC 85 -> Node 0
Aug  9 14:00:21 TIM kernel: SRAT: PXM 0 -> APIC 86 -> Node 0
Aug  9 14:00:21 TIM kernel: SRAT: PXM 0 -> APIC 87 -> Node 0
Aug  9 14:00:21 TIM kernel: SRAT: PXM 0 -> APIC 88 -> Node 0
Aug  9 14:00:21 TIM kernel: SRAT: PXM 0 -> APIC 89 -> Node 0
Aug  9 14:00:21 TIM kernel: SRAT: PXM 0 -> APIC 90 -> Node 0
Aug  9 14:00:21 TIM kernel: SRAT: PXM 0 -> APIC 91 -> Node 0
Aug  9 14:00:21 TIM kernel: SRAT: PXM 0 -> APIC 92 -> Node 0
Aug  9 14:00:21 TIM kernel: SRAT: PXM 0 -> APIC 93 -> Node 0
Aug  9 14:00:21 TIM kernel: SRAT: PXM 0 -> APIC 94 -> Node 0
Aug  9 14:00:21 TIM kernel: SRAT: PXM 0 -> APIC 95 -> Node 0
Aug  9 14:00:21 TIM kernel: SRAT: PXM 0 -> APIC 96 -> Node 0
Aug  9 14:00:21 TIM kernel: SRAT: PXM 0 -> APIC 97 -> Node 0
Aug  9 14:00:21 TIM kernel: SRAT: PXM 0 -> APIC 98 -> Node 0
Aug  9 14:00:21 TIM kernel: SRAT: PXM 0 -> APIC 99 -> Node 0
Aug  9 14:00:21 TIM kernel: SRAT: PXM 0 -> APIC 100 -> Node 0
Aug  9 14:00:21 TIM kernel: SRAT: PXM 0 -> APIC 101 -> Node 0
Aug  9 14:00:21 TIM kernel: SRAT: PXM 0 -> APIC 102 -> Node 0
Aug  9 14:00:21 TIM kernel: SRAT: PXM 0 -> APIC 103 -> Node 0
Aug  9 14:00:21 TIM kernel: SRAT: PXM 0 -> APIC 104 -> Node 0
Aug  9 14:00:21 TIM kernel: SRAT: PXM 0 -> APIC 105 -> Node 0
Aug  9 14:00:21 TIM kernel: SRAT: PXM 0 -> APIC 106 -> Node 0
Aug  9 14:00:21 TIM kernel: SRAT: PXM 0 -> APIC 107 -> Node 0
Aug  9 14:00:21 TIM kernel: SRAT: PXM 0 -> APIC 108 -> Node 0
Aug  9 14:00:21 TIM kernel: SRAT: PXM 0 -> APIC 109 -> Node 0
Aug  9 14:00:21 TIM kernel: SRAT: PXM 0 -> APIC 110 -> Node 0
Aug  9 14:00:21 TIM kernel: SRAT: PXM 0 -> APIC 111 -> Node 0
Aug  9 14:00:21 TIM kernel: SRAT: PXM 0 -> APIC 112 -> Node 0
Aug  9 14:00:21 TIM kernel: SRAT: PXM 0 -> APIC 113 -> Node 0
Aug  9 14:00:21 TIM kernel: SRAT: PXM 0 -> APIC 114 -> Node 0
Aug  9 14:00:21 TIM kernel: SRAT: PXM 0 -> APIC 115 -> Node 0
Aug  9 14:00:21 TIM kernel: SRAT: PXM 0 -> APIC 116 -> Node 0
Aug  9 14:00:21 TIM kernel: SRAT: PXM 0 -> APIC 117 -> Node 0
Aug  9 14:00:21 TIM kernel: SRAT: PXM 0 -> APIC 118 -> Node 0
Aug  9 14:00:21 TIM kernel: SRAT: PXM 0 -> APIC 119 -> Node 0
Aug  9 14:00:21 TIM kernel: SRAT: PXM 0 -> APIC 120 -> Node 0
Aug  9 14:00:21 TIM kernel: SRAT: PXM 0 -> APIC 121 -> Node 0
Aug  9 14:00:21 TIM kernel: SRAT: PXM 0 -> APIC 122 -> Node 0
Aug  9 14:00:21 TIM kernel: SRAT: PXM 0 -> APIC 123 -> Node 0
Aug  9 14:00:21 TIM kernel: SRAT: PXM 0 -> APIC 124 -> Node 0
Aug  9 14:00:21 TIM kernel: SRAT: PXM 0 -> APIC 125 -> Node 0
Aug  9 14:00:21 TIM kernel: SRAT: PXM 0 -> APIC 126 -> Node 0
Aug  9 14:00:21 TIM kernel: SRAT: PXM 0 -> APIC 127 -> Node 0
Aug  9 14:00:21 TIM kernel: SRAT: PXM 0 -> APIC 128 -> Node 0
Aug  9 14:00:21 TIM kernel: SRAT: PXM 0 -> APIC 129 -> Node 0
Aug  9 14:00:21 TIM kernel: SRAT: PXM 0 -> APIC 130 -> Node 0
Aug  9 14:00:21 TIM kernel: SRAT: PXM 0 -> APIC 131 -> Node 0
Aug  9 14:00:21 TIM kernel: SRAT: PXM 0 -> APIC 132 -> Node 0
Aug  9 14:00:21 TIM kernel: SRAT: PXM 0 -> APIC 133 -> Node 0
Aug  9 14:00:21 TIM kernel: SRAT: PXM 0 -> APIC 134 -> Node 0
Aug  9 14:00:21 TIM kernel: SRAT: PXM 0 -> APIC 135 -> Node 0
Aug  9 14:00:21 TIM kernel: SRAT: PXM 0 -> APIC 136 -> Node 0
Aug  9 14:00:21 TIM kernel: SRAT: PXM 0 -> APIC 137 -> Node 0
Aug  9 14:00:21 TIM kernel: SRAT: PXM 0 -> APIC 138 -> Node 0
Aug  9 14:00:21 TIM kernel: SRAT: PXM 0 -> APIC 139 -> Node 0
Aug  9 14:00:21 TIM kernel: SRAT: PXM 0 -> APIC 140 -> Node 0
Aug  9 14:00:21 TIM kernel: SRAT: PXM 0 -> APIC 141 -> Node 0
Aug  9 14:00:21 TIM kernel: SRAT: PXM 0 -> APIC 142 -> Node 0
Aug  9 14:00:21 TIM kernel: SRAT: PXM 0 -> APIC 143 -> Node 0
Aug  9 14:00:21 TIM kernel: SRAT: PXM 0 -> APIC 144 -> Node 0
Aug  9 14:00:21 TIM kernel: SRAT: PXM 0 -> APIC 145 -> Node 0
Aug  9 14:00:21 TIM kernel: SRAT: PXM 0 -> APIC 146 -> Node 0
Aug  9 14:00:21 TIM kernel: SRAT: PXM 0 -> APIC 147 -> Node 0
Aug  9 14:00:21 TIM kernel: SRAT: PXM 0 -> APIC 148 -> Node 0
Aug  9 14:00:21 TIM kernel: SRAT: PXM 0 -> APIC 149 -> Node 0
Aug  9 14:00:21 TIM kernel: SRAT: PXM 0 -> APIC 150 -> Node 0
Aug  9 14:00:21 TIM kernel: SRAT: PXM 0 -> APIC 151 -> Node 0
Aug  9 14:00:21 TIM kernel: SRAT: PXM 0 -> APIC 152 -> Node 0
Aug  9 14:00:21 TIM kernel: SRAT: PXM 0 -> APIC 153 -> Node 0
Aug  9 14:00:21 TIM kernel: SRAT: PXM 0 -> APIC 154 -> Node 0
Aug  9 14:00:21 TIM kernel: SRAT: PXM 0 -> APIC 155 -> Node 0
Aug  9 14:00:21 TIM kernel: SRAT: PXM 0 -> APIC 156 -> Node 0
Aug  9 14:00:21 TIM kernel: SRAT: PXM 0 -> APIC 157 -> Node 0
Aug  9 14:00:21 TIM kernel: SRAT: PXM 0 -> APIC 158 -> Node 0
Aug  9 14:00:21 TIM kernel: SRAT: PXM 0 -> APIC 159 -> Node 0
Aug  9 14:00:21 TIM kernel: SRAT: Node 0 PXM 0 0-a0000
Aug  9 14:00:21 TIM kernel: SRAT: Node 0 PXM 0 100000-c0000000
Aug  9 14:00:21 TIM kernel: SRAT: Node 0 PXM 0 100000000-440000000
Aug  9 14:00:21 TIM kernel: SRAT: Node 0 PXM 0 440000000-10040000000
Aug  9 14:00:21 TIM kernel: SRAT: hot plug zone found 440000000 - 10040000000
Aug  9 14:00:21 TIM kernel: Bootmem setup node 0 0000000000000000-0000000440000000
Aug  9 14:00:21 TIM kernel:  NODE_DATA [0000000000018000 - 000000000004bfff]
Aug  9 14:00:21 TIM kernel:  bootmap [0000000000301000 -  0000000000388fff] pages 88
Aug  9 14:00:21 TIM kernel: (9 early reservations) ==> bootmem [0000000000 - 0440000000]
Aug  9 14:00:21 TIM kernel:  #0 [0000000000 - 0000001000]   BIOS data page ==> [0000000000 - 0000001000]
Aug  9 14:00:21 TIM kernel:  #1 [0000006000 - 0000008000]       TRAMPOLINE ==> [0000006000 - 0000008000]
Aug  9 14:00:21 TIM kernel:  #2 [0001000000 - 000201b0a4]    TEXT DATA BSS ==> [0001000000 - 000201b0a4]
Aug  9 14:00:21 TIM kernel:  #3 [0037030000 - 0037fefa45]          RAMDISK ==> [0037030000 - 0037fefa45]
Aug  9 14:00:21 TIM kernel:  #4 [000009fc00 - 0000100000]    BIOS reserved ==> [000009fc00 - 0000100000]
Aug  9 14:00:21 TIM kernel:  #5 [000201c000 - 000201c0e5]              BRK ==> [000201c000 - 000201c0e5]
Aug  9 14:00:21 TIM kernel:  #6 [0000008000 - 000000b000]          PGTABLE ==> [0000008000 - 000000b000]
Aug  9 14:00:21 TIM kernel:  #7 [000000b000 - 0000018000]          PGTABLE ==> [000000b000 - 0000018000]
Aug  9 14:00:21 TIM kernel:  #8 [0000100000 - 0000300840]       MEMNODEMAP ==> [0000100000 - 0000300840]
Aug  9 14:00:21 TIM kernel: found SMP MP-table at [ffff8800000f0cf0] f0cf0
Aug  9 14:00:21 TIM kernel: Reserving 128MB of memory at 48MB for crashkernel (System RAM: 17408MB)
Aug  9 14:00:21 TIM kernel: kvm-clock: Using msrs 4b564d01 and 4b564d00
Aug  9 14:00:21 TIM kernel: kvm-clock: cpu 0, msr 0:1c25681, boot clock
Aug  9 14:00:21 TIM kernel: Zone PFN ranges:
Aug  9 14:00:21 TIM kernel:  DMA      0x00000001 -> 0x00001000
Aug  9 14:00:21 TIM kernel:  DMA32    0x00001000 -> 0x00100000
Aug  9 14:00:21 TIM kernel:  Normal   0x00100000 -> 0x00440000
Aug  9 14:00:21 TIM kernel: Movable zone start PFN for each node
Aug  9 14:00:21 TIM kernel: early_node_map[3] active PFN ranges
Aug  9 14:00:21 TIM kernel:    0: 0x00000001 -> 0x0000009f
Aug  9 14:00:21 TIM kernel:    0: 0x00000100 -> 0x000bffe0
Aug  9 14:00:21 TIM kernel:    0: 0x00100000 -> 0x00440000
Aug  9 14:00:21 TIM kernel: ACPI: PM-Timer IO Port: 0x608
Aug  9 14:00:21 TIM kernel: Setting APIC routing to flat.
Aug  9 14:00:21 TIM kernel: ACPI: LAPIC (acpi_id[0x00] lapic_id[0x00] enabled)
Aug  9 14:00:21 TIM kernel: ACPI: LAPIC (acpi_id[0x01] lapic_id[0x01] enabled)
Aug  9 14:00:21 TIM kernel: ACPI: LAPIC (acpi_id[0x02] lapic_id[0x02] enabled)
Aug  9 14:00:21 TIM kernel: ACPI: LAPIC (acpi_id[0x03] lapic_id[0x03] enabled)
Aug  9 14:00:21 TIM kernel: ACPI: LAPIC (acpi_id[0x04] lapic_id[0x04] enabled)
Aug  9 14:00:21 TIM kernel: ACPI: LAPIC (acpi_id[0x05] lapic_id[0x05] enabled)
Aug  9 14:00:21 TIM kernel: ACPI: LAPIC (acpi_id[0x06] lapic_id[0x06] enabled)
Aug  9 14:00:21 TIM kernel: ACPI: LAPIC (acpi_id[0x07] lapic_id[0x07] enabled)
Aug  9 14:00:21 TIM kernel: ACPI: LAPIC (acpi_id[0x08] lapic_id[0x08] disabled)
Aug  9 14:00:21 TIM kernel: ACPI: LAPIC (acpi_id[0x09] lapic_id[0x09] disabled)
Aug  9 14:00:21 TIM kernel: ACPI: LAPIC (acpi_id[0x0a] lapic_id[0x0a] disabled)
Aug  9 14:00:21 TIM kernel: ACPI: LAPIC (acpi_id[0x0b] lapic_id[0x0b] disabled)
Aug  9 14:00:21 TIM kernel: ACPI: LAPIC (acpi_id[0x0c] lapic_id[0x0c] disabled)
Aug  9 14:00:21 TIM kernel: ACPI: LAPIC (acpi_id[0x0d] lapic_id[0x0d] disabled)
Aug  9 14:00:21 TIM kernel: ACPI: LAPIC (acpi_id[0x0e] lapic_id[0x0e] disabled)
Aug  9 14:00:21 TIM kernel: ACPI: LAPIC (acpi_id[0x0f] lapic_id[0x0f] disabled)
Aug  9 14:00:21 TIM kernel: ACPI: LAPIC (acpi_id[0x10] lapic_id[0x10] disabled)
Aug  9 14:00:21 TIM kernel: ACPI: LAPIC (acpi_id[0x11] lapic_id[0x11] disabled)
Aug  9 14:00:21 TIM kernel: ACPI: LAPIC (acpi_id[0x12] lapic_id[0x12] disabled)
Aug  9 14:00:21 TIM kernel: ACPI: LAPIC (acpi_id[0x13] lapic_id[0x13] disabled)
Aug  9 14:00:21 TIM kernel: ACPI: LAPIC (acpi_id[0x14] lapic_id[0x14] disabled)
Aug  9 14:00:21 TIM kernel: ACPI: LAPIC (acpi_id[0x15] lapic_id[0x15] disabled)
Aug  9 14:00:21 TIM kernel: ACPI: LAPIC (acpi_id[0x16] lapic_id[0x16] disabled)
Aug  9 14:00:21 TIM kernel: ACPI: LAPIC (acpi_id[0x17] lapic_id[0x17] disabled)
Aug  9 14:00:21 TIM kernel: ACPI: LAPIC (acpi_id[0x18] lapic_id[0x18] disabled)
Aug  9 14:00:21 TIM kernel: ACPI: LAPIC (acpi_id[0x19] lapic_id[0x19] disabled)
Aug  9 14:00:21 TIM kernel: ACPI: LAPIC (acpi_id[0x1a] lapic_id[0x1a] disabled)
Aug  9 14:00:21 TIM kernel: ACPI: LAPIC (acpi_id[0x1b] lapic_id[0x1b] disabled)
Aug  9 14:00:21 TIM kernel: ACPI: LAPIC (acpi_id[0x1c] lapic_id[0x1c] disabled)
Aug  9 14:00:21 TIM kernel: ACPI: LAPIC (acpi_id[0x1d] lapic_id[0x1d] disabled)
Aug  9 14:00:21 TIM kernel: ACPI: LAPIC (acpi_id[0x1e] lapic_id[0x1e] disabled)
Aug  9 14:00:21 TIM kernel: ACPI: LAPIC (acpi_id[0x1f] lapic_id[0x1f] disabled)
Aug  9 14:00:21 TIM kernel: ACPI: LAPIC (acpi_id[0x20] lapic_id[0x20] disabled)
Aug  9 14:00:21 TIM kernel: ACPI: LAPIC (acpi_id[0x21] lapic_id[0x21] disabled)
Aug  9 14:00:21 TIM kernel: ACPI: LAPIC (acpi_id[0x22] lapic_id[0x22] disabled)
Aug  9 14:00:21 TIM kernel: ACPI: LAPIC (acpi_id[0x23] lapic_id[0x23] disabled)
Aug  9 14:00:21 TIM kernel: ACPI: LAPIC (acpi_id[0x24] lapic_id[0x24] disabled)
Aug  9 14:00:21 TIM kernel: ACPI: LAPIC (acpi_id[0x25] lapic_id[0x25] disabled)
Aug  9 14:00:21 TIM kernel: ACPI: LAPIC (acpi_id[0x26] lapic_id[0x26] disabled)
Aug  9 14:00:21 TIM kernel: ACPI: LAPIC (acpi_id[0x27] lapic_id[0x27] disabled)
Aug  9 14:00:21 TIM kernel: ACPI: LAPIC (acpi_id[0x28] lapic_id[0x28] disabled)
Aug  9 14:00:21 TIM kernel: ACPI: LAPIC (acpi_id[0x29] lapic_id[0x29] disabled)
Aug  9 14:00:21 TIM kernel: ACPI: LAPIC (acpi_id[0x2a] lapic_id[0x2a] disabled)
Aug  9 14:00:21 TIM kernel: ACPI: LAPIC (acpi_id[0x2b] lapic_id[0x2b] disabled)
Aug  9 14:00:21 TIM kernel: ACPI: LAPIC (acpi_id[0x2c] lapic_id[0x2c] disabled)
Aug  9 14:00:21 TIM kernel: ACPI: LAPIC (acpi_id[0x2d] lapic_id[0x2d] disabled)
Aug  9 14:00:21 TIM kernel: ACPI: LAPIC (acpi_id[0x2e] lapic_id[0x2e] disabled)
Aug  9 14:00:21 TIM kernel: ACPI: LAPIC (acpi_id[0x2f] lapic_id[0x2f] disabled)
Aug  9 14:00:21 TIM kernel: ACPI: LAPIC (acpi_id[0x30] lapic_id[0x30] disabled)
Aug  9 14:00:21 TIM kernel: ACPI: LAPIC (acpi_id[0x31] lapic_id[0x31] disabled)
Aug  9 14:00:21 TIM kernel: ACPI: LAPIC (acpi_id[0x32] lapic_id[0x32] disabled)
Aug  9 14:00:21 TIM kernel: ACPI: LAPIC (acpi_id[0x33] lapic_id[0x33] disabled)
Aug  9 14:00:21 TIM kernel: ACPI: LAPIC (acpi_id[0x34] lapic_id[0x34] disabled)
Aug  9 14:00:21 TIM kernel: ACPI: LAPIC (acpi_id[0x35] lapic_id[0x35] disabled)
Aug  9 14:00:21 TIM kernel: ACPI: LAPIC (acpi_id[0x36] lapic_id[0x36] disabled)
Aug  9 14:00:21 TIM kernel: ACPI: LAPIC (acpi_id[0x37] lapic_id[0x37] disabled)
Aug  9 14:00:21 TIM kernel: ACPI: LAPIC (acpi_id[0x38] lapic_id[0x38] disabled)
Aug  9 14:00:21 TIM kernel: ACPI: LAPIC (acpi_id[0x39] lapic_id[0x39] disabled)
Aug  9 14:00:21 TIM kernel: ACPI: LAPIC (acpi_id[0x3a] lapic_id[0x3a] disabled)
Aug  9 14:00:21 TIM kernel: ACPI: LAPIC (acpi_id[0x3b] lapic_id[0x3b] disabled)
Aug  9 14:00:21 TIM kernel: ACPI: LAPIC (acpi_id[0x3c] lapic_id[0x3c] disabled)
Aug  9 14:00:21 TIM kernel: ACPI: LAPIC (acpi_id[0x3d] lapic_id[0x3d] disabled)
Aug  9 14:00:21 TIM kernel: ACPI: LAPIC (acpi_id[0x3e] lapic_id[0x3e] disabled)
Aug  9 14:00:21 TIM kernel: ACPI: LAPIC (acpi_id[0x3f] lapic_id[0x3f] disabled)
Aug  9 14:00:21 TIM kernel: ACPI: LAPIC (acpi_id[0x40] lapic_id[0x40] disabled)
Aug  9 14:00:21 TIM kernel: ACPI: LAPIC (acpi_id[0x41] lapic_id[0x41] disabled)
Aug  9 14:00:21 TIM kernel: ACPI: LAPIC (acpi_id[0x42] lapic_id[0x42] disabled)
Aug  9 14:00:21 TIM kernel: ACPI: LAPIC (acpi_id[0x43] lapic_id[0x43] disabled)
Aug  9 14:00:21 TIM kernel: ACPI: LAPIC (acpi_id[0x44] lapic_id[0x44] disabled)
Aug  9 14:00:21 TIM kernel: ACPI: LAPIC (acpi_id[0x45] lapic_id[0x45] disabled)
Aug  9 14:00:21 TIM kernel: ACPI: LAPIC (acpi_id[0x46] lapic_id[0x46] disabled)
Aug  9 14:00:21 TIM kernel: ACPI: LAPIC (acpi_id[0x47] lapic_id[0x47] disabled)
Aug  9 14:00:21 TIM kernel: ACPI: LAPIC (acpi_id[0x48] lapic_id[0x48] disabled)
Aug  9 14:00:21 TIM kernel: ACPI: LAPIC (acpi_id[0x49] lapic_id[0x49] disabled)
Aug  9 14:00:21 TIM kernel: ACPI: LAPIC (acpi_id[0x4a] lapic_id[0x4a] disabled)
Aug  9 14:00:21 TIM kernel: ACPI: LAPIC (acpi_id[0x4b] lapic_id[0x4b] disabled)
Aug  9 14:00:21 TIM kernel: ACPI: LAPIC (acpi_id[0x4c] lapic_id[0x4c] disabled)
Aug  9 14:00:21 TIM kernel: ACPI: LAPIC (acpi_id[0x4d] lapic_id[0x4d] disabled)
Aug  9 14:00:21 TIM kernel: ACPI: LAPIC (acpi_id[0x4e] lapic_id[0x4e] disabled)
Aug  9 14:00:21 TIM kernel: ACPI: LAPIC (acpi_id[0x4f] lapic_id[0x4f] disabled)
Aug  9 14:00:21 TIM kernel: ACPI: LAPIC (acpi_id[0x50] lapic_id[0x50] disabled)
Aug  9 14:00:21 TIM kernel: ACPI: LAPIC (acpi_id[0x51] lapic_id[0x51] disabled)
Aug  9 14:00:21 TIM kernel: ACPI: LAPIC (acpi_id[0x52] lapic_id[0x52] disabled)
Aug  9 14:00:21 TIM kernel: ACPI: LAPIC (acpi_id[0x53] lapic_id[0x53] disabled)
Aug  9 14:00:21 TIM kernel: ACPI: LAPIC (acpi_id[0x54] lapic_id[0x54] disabled)
Aug  9 14:00:21 TIM kernel: ACPI: LAPIC (acpi_id[0x55] lapic_id[0x55] disabled)
Aug  9 14:00:21 TIM kernel: ACPI: LAPIC (acpi_id[0x56] lapic_id[0x56] disabled)
Aug  9 14:00:21 TIM kernel: ACPI: LAPIC (acpi_id[0x57] lapic_id[0x57] disabled)
Aug  9 14:00:21 TIM kernel: ACPI: LAPIC (acpi_id[0x58] lapic_id[0x58] disabled)
Aug  9 14:00:21 TIM kernel: ACPI: LAPIC (acpi_id[0x59] lapic_id[0x59] disabled)
Aug  9 14:00:21 TIM kernel: ACPI: LAPIC (acpi_id[0x5a] lapic_id[0x5a] disabled)
Aug  9 14:00:21 TIM kernel: ACPI: LAPIC (acpi_id[0x5b] lapic_id[0x5b] disabled)
Aug  9 14:00:21 TIM kernel: ACPI: LAPIC (acpi_id[0x5c] lapic_id[0x5c] disabled)
Aug  9 14:00:21 TIM kernel: ACPI: LAPIC (acpi_id[0x5d] lapic_id[0x5d] disabled)
Aug  9 14:00:21 TIM kernel: ACPI: LAPIC (acpi_id[0x5e] lapic_id[0x5e] disabled)
Aug  9 14:00:21 TIM kernel: ACPI: LAPIC (acpi_id[0x5f] lapic_id[0x5f] disabled)
Aug  9 14:00:21 TIM kernel: ACPI: LAPIC (acpi_id[0x60] lapic_id[0x60] disabled)
Aug  9 14:00:21 TIM kernel: ACPI: LAPIC (acpi_id[0x61] lapic_id[0x61] disabled)
Aug  9 14:00:21 TIM kernel: ACPI: LAPIC (acpi_id[0x62] lapic_id[0x62] disabled)
Aug  9 14:00:21 TIM kernel: ACPI: LAPIC (acpi_id[0x63] lapic_id[0x63] disabled)
Aug  9 14:00:21 TIM kernel: ACPI: LAPIC (acpi_id[0x64] lapic_id[0x64] disabled)
Aug  9 14:00:21 TIM kernel: ACPI: LAPIC (acpi_id[0x65] lapic_id[0x65] disabled)
Aug  9 14:00:21 TIM kernel: ACPI: LAPIC (acpi_id[0x66] lapic_id[0x66] disabled)
Aug  9 14:00:21 TIM kernel: ACPI: LAPIC (acpi_id[0x67] lapic_id[0x67] disabled)
Aug  9 14:00:21 TIM kernel: ACPI: LAPIC (acpi_id[0x68] lapic_id[0x68] disabled)
Aug  9 14:00:21 TIM kernel: ACPI: LAPIC (acpi_id[0x69] lapic_id[0x69] disabled)
Aug  9 14:00:21 TIM kernel: ACPI: LAPIC (acpi_id[0x6a] lapic_id[0x6a] disabled)
Aug  9 14:00:21 TIM kernel: ACPI: LAPIC (acpi_id[0x6b] lapic_id[0x6b] disabled)
Aug  9 14:00:21 TIM kernel: ACPI: LAPIC (acpi_id[0x6c] lapic_id[0x6c] disabled)
Aug  9 14:00:21 TIM kernel: ACPI: LAPIC (acpi_id[0x6d] lapic_id[0x6d] disabled)
Aug  9 14:00:21 TIM kernel: ACPI: LAPIC (acpi_id[0x6e] lapic_id[0x6e] disabled)
Aug  9 14:00:21 TIM kernel: ACPI: LAPIC (acpi_id[0x6f] lapic_id[0x6f] disabled)
Aug  9 14:00:21 TIM kernel: ACPI: LAPIC (acpi_id[0x70] lapic_id[0x70] disabled)
Aug  9 14:00:21 TIM kernel: ACPI: LAPIC (acpi_id[0x71] lapic_id[0x71] disabled)
Aug  9 14:00:21 TIM kernel: ACPI: LAPIC (acpi_id[0x72] lapic_id[0x72] disabled)
Aug  9 14:00:21 TIM kernel: ACPI: LAPIC (acpi_id[0x73] lapic_id[0x73] disabled)
Aug  9 14:00:21 TIM kernel: ACPI: LAPIC (acpi_id[0x74] lapic_id[0x74] disabled)
Aug  9 14:00:21 TIM kernel: ACPI: LAPIC (acpi_id[0x75] lapic_id[0x75] disabled)
Aug  9 14:00:21 TIM kernel: ACPI: LAPIC (acpi_id[0x76] lapic_id[0x76] disabled)
Aug  9 14:00:21 TIM kernel: ACPI: LAPIC (acpi_id[0x77] lapic_id[0x77] disabled)
Aug  9 14:00:21 TIM kernel: ACPI: LAPIC (acpi_id[0x78] lapic_id[0x78] disabled)
Aug  9 14:00:21 TIM kernel: ACPI: LAPIC (acpi_id[0x79] lapic_id[0x79] disabled)
Aug  9 14:00:21 TIM kernel: ACPI: LAPIC (acpi_id[0x7a] lapic_id[0x7a] disabled)
Aug  9 14:00:21 TIM kernel: ACPI: LAPIC (acpi_id[0x7b] lapic_id[0x7b] disabled)
Aug  9 14:00:21 TIM kernel: ACPI: LAPIC (acpi_id[0x7c] lapic_id[0x7c] disabled)
Aug  9 14:00:21 TIM kernel: ACPI: LAPIC (acpi_id[0x7d] lapic_id[0x7d] disabled)
Aug  9 14:00:21 TIM kernel: ACPI: LAPIC (acpi_id[0x7e] lapic_id[0x7e] disabled)
Aug  9 14:00:21 TIM kernel: ACPI: LAPIC (acpi_id[0x7f] lapic_id[0x7f] disabled)
Aug  9 14:00:21 TIM kernel: ACPI: LAPIC (acpi_id[0x80] lapic_id[0x80] disabled)
Aug  9 14:00:21 TIM kernel: ACPI: LAPIC (acpi_id[0x81] lapic_id[0x81] disabled)
Aug  9 14:00:21 TIM kernel: ACPI: LAPIC (acpi_id[0x82] lapic_id[0x82] disabled)
Aug  9 14:00:21 TIM kernel: ACPI: LAPIC (acpi_id[0x83] lapic_id[0x83] disabled)
Aug  9 14:00:21 TIM kernel: ACPI: LAPIC (acpi_id[0x84] lapic_id[0x84] disabled)
Aug  9 14:00:21 TIM kernel: ACPI: LAPIC (acpi_id[0x85] lapic_id[0x85] disabled)
Aug  9 14:00:21 TIM kernel: ACPI: LAPIC (acpi_id[0x86] lapic_id[0x86] disabled)
Aug  9 14:00:21 TIM kernel: ACPI: LAPIC (acpi_id[0x87] lapic_id[0x87] disabled)
Aug  9 14:00:21 TIM kernel: ACPI: LAPIC (acpi_id[0x88] lapic_id[0x88] disabled)
Aug  9 14:00:21 TIM kernel: ACPI: LAPIC (acpi_id[0x89] lapic_id[0x89] disabled)
Aug  9 14:00:21 TIM kernel: ACPI: LAPIC (acpi_id[0x8a] lapic_id[0x8a] disabled)
Aug  9 14:00:21 TIM kernel: ACPI: LAPIC (acpi_id[0x8b] lapic_id[0x8b] disabled)
Aug  9 14:00:21 TIM kernel: ACPI: LAPIC (acpi_id[0x8c] lapic_id[0x8c] disabled)
Aug  9 14:00:21 TIM kernel: ACPI: LAPIC (acpi_id[0x8d] lapic_id[0x8d] disabled)
Aug  9 14:00:21 TIM kernel: ACPI: LAPIC (acpi_id[0x8e] lapic_id[0x8e] disabled)
Aug  9 14:00:21 TIM kernel: ACPI: LAPIC (acpi_id[0x8f] lapic_id[0x8f] disabled)
Aug  9 14:00:21 TIM kernel: ACPI: LAPIC (acpi_id[0x90] lapic_id[0x90] disabled)
Aug  9 14:00:21 TIM kernel: ACPI: LAPIC (acpi_id[0x91] lapic_id[0x91] disabled)
Aug  9 14:00:21 TIM kernel: ACPI: LAPIC (acpi_id[0x92] lapic_id[0x92] disabled)
Aug  9 14:00:21 TIM kernel: ACPI: LAPIC (acpi_id[0x93] lapic_id[0x93] disabled)
Aug  9 14:00:21 TIM kernel: ACPI: LAPIC (acpi_id[0x94] lapic_id[0x94] disabled)
Aug  9 14:00:21 TIM kernel: ACPI: LAPIC (acpi_id[0x95] lapic_id[0x95] disabled)
Aug  9 14:00:21 TIM kernel: ACPI: LAPIC (acpi_id[0x96] lapic_id[0x96] disabled)
Aug  9 14:00:21 TIM kernel: ACPI: LAPIC (acpi_id[0x97] lapic_id[0x97] disabled)
Aug  9 14:00:21 TIM kernel: ACPI: LAPIC (acpi_id[0x98] lapic_id[0x98] disabled)
Aug  9 14:00:21 TIM kernel: ACPI: LAPIC (acpi_id[0x99] lapic_id[0x99] disabled)
Aug  9 14:00:21 TIM kernel: ACPI: LAPIC (acpi_id[0x9a] lapic_id[0x9a] disabled)
Aug  9 14:00:21 TIM kernel: ACPI: LAPIC (acpi_id[0x9b] lapic_id[0x9b] disabled)
Aug  9 14:00:21 TIM kernel: ACPI: LAPIC (acpi_id[0x9c] lapic_id[0x9c] disabled)
Aug  9 14:00:21 TIM kernel: ACPI: LAPIC (acpi_id[0x9d] lapic_id[0x9d] disabled)
Aug  9 14:00:21 TIM kernel: ACPI: LAPIC (acpi_id[0x9e] lapic_id[0x9e] disabled)
Aug  9 14:00:21 TIM kernel: ACPI: LAPIC (acpi_id[0x9f] lapic_id[0x9f] disabled)
Aug  9 14:00:21 TIM kernel: ACPI: LAPIC_NMI (acpi_id[0xff] dfl dfl lint[0x1])
Aug  9 14:00:21 TIM kernel: ACPI: IOAPIC (id[0x00] address[0xfec00000] gsi_base[0])
Aug  9 14:00:21 TIM kernel: IOAPIC[0]: apic_id 0, version 17, address 0xfec00000, GSI 0-23
Aug  9 14:00:21 TIM kernel: ACPI: INT_SRC_OVR (bus 0 bus_irq 0 global_irq 2 dfl dfl)
Aug  9 14:00:21 TIM kernel: ACPI: INT_SRC_OVR (bus 0 bus_irq 5 global_irq 5 high level)
Aug  9 14:00:21 TIM kernel: ACPI: INT_SRC_OVR (bus 0 bus_irq 9 global_irq 9 high level)
Aug  9 14:00:21 TIM kernel: ACPI: INT_SRC_OVR (bus 0 bus_irq 10 global_irq 10 high level)
Aug  9 14:00:21 TIM kernel: ACPI: INT_SRC_OVR (bus 0 bus_irq 11 global_irq 11 high level)
Aug  9 14:00:21 TIM kernel: Using ACPI (MADT) for SMP configuration information
Aug  9 14:00:21 TIM kernel: ACPI: HPET id: 0x8086a201 base: 0xfed00000
Aug  9 14:00:21 TIM kernel: SMP: Allowing 160 CPUs, 152 hotplug CPUs
Aug  9 14:00:21 TIM kernel: PM: Registered nosave memory: 000000000009f000 - 00000000000a0000
Aug  9 14:00:21 TIM kernel: PM: Registered nosave memory: 00000000000a0000 - 00000000000f0000
Aug  9 14:00:21 TIM kernel: PM: Registered nosave memory: 00000000000f0000 - 0000000000100000
Aug  9 14:00:21 TIM kernel: PM: Registered nosave memory: 00000000bffe0000 - 00000000c0000000
Aug  9 14:00:21 TIM kernel: PM: Registered nosave memory: 00000000c0000000 - 00000000feffc000
Aug  9 14:00:21 TIM kernel: PM: Registered nosave memory: 00000000feffc000 - 00000000ff000000
Aug  9 14:00:21 TIM kernel: PM: Registered nosave memory: 00000000ff000000 - 00000000fffc0000
Aug  9 14:00:21 TIM kernel: PM: Registered nosave memory: 00000000fffc0000 - 0000000100000000
Aug  9 14:00:21 TIM kernel: Allocating PCI resources starting at c0000000 (gap: c0000000:3effc000)
Aug  9 14:00:21 TIM kernel: Booting paravirtualized kernel on KVM
Aug  9 14:00:21 TIM kernel: NR_CPUS:4096 nr_cpumask_bits:160 nr_cpu_ids:160 nr_node_ids:1
Aug  9 14:00:21 TIM kernel: PERCPU: Embedded 31 pages/cpu @ffff880038000000 s94552 r8192 d24232 u131072
Aug  9 14:00:21 TIM kernel: pcpu-alloc: s94552 r8192 d24232 u131072 alloc=1*2097152
Aug  9 14:00:21 TIM kernel: pcpu-alloc: [0] 000 001 002 003 004 005 006 007 008 009 010 011 012 013 014 015 
Aug  9 14:00:21 TIM kernel: pcpu-alloc: [0] 016 017 018 019 020 021 022 023 024 025 026 027 028 029 030 031 
Aug  9 14:00:21 TIM kernel: pcpu-alloc: [0] 032 033 034 035 036 037 038 039 040 041 042 043 044 045 046 047 
Aug  9 14:00:21 TIM kernel: pcpu-alloc: [0] 048 049 050 051 052 053 054 055 056 057 058 059 060 061 062 063 
Aug  9 14:00:21 TIM kernel: pcpu-alloc: [0] 064 065 066 067 068 069 070 071 072 073 074 075 076 077 078 079 
Aug  9 14:00:21 TIM kernel: pcpu-alloc: [0] 080 081 082 083 084 085 086 087 088 089 090 091 092 093 094 095 
Aug  9 14:00:21 TIM kernel: pcpu-alloc: [0] 096 097 098 099 100 101 102 103 104 105 106 107 108 109 110 111 
Aug  9 14:00:21 TIM kernel: pcpu-alloc: [0] 112 113 114 115 116 117 118 119 120 121 122 123 124 125 126 127 
Aug  9 14:00:21 TIM kernel: pcpu-alloc: [0] 128 129 130 131 132 133 134 135 136 137 138 139 140 141 142 143 
Aug  9 14:00:21 TIM kernel: pcpu-alloc: [0] 144 145 146 147 148 149 150 151 152 153 154 155 156 157 158 159 
Aug  9 14:00:21 TIM kernel: kvm-clock: cpu 0, msr 0:38016681, primary cpu clock
Aug  9 14:00:21 TIM kernel: kvm-stealtime: cpu 0, msr 3800e840
Aug  9 14:00:21 TIM kernel: Built 1 zonelists in Zone order, mobility grouping on.  Total pages: 4132619
Aug  9 14:00:21 TIM kernel: Policy zone: Normal
Aug  9 14:00:21 TIM kernel: Kernel command line: ro root=/dev/mapper/VolGroup-lv_root rd_NO_LUKS rd_NO_MD rd_LVM_LV=VolGroup/lv_swap crashkernel=128M LANG=zh_CN.UTF-8 rd_LVM_LV=VolGroup/lv_root  KEYBOARDTYPE=pc KEYTABLE=us rd_NO_DM rhgb quiet
Aug  9 14:00:21 TIM kernel: PID hash table entries: 4096 (order: 3, 32768 bytes)
Aug  9 14:00:21 TIM kernel: Checking aperture...
Aug  9 14:00:21 TIM kernel: No AGP bridge found
Aug  9 14:00:21 TIM kernel: PCI-DMA: Using software bounce buffering for IO (SWIOTLB)
Aug  9 14:00:21 TIM kernel: Placing 64MB software IO TLB between ffff880020000000 - ffff880024000000
Aug  9 14:00:21 TIM kernel: software IO TLB at phys 0x20000000 - 0x24000000
Aug  9 14:00:21 TIM kernel: Memory: 16295088k/17825792k available (5220k kernel code, 1049096k absent, 481608k reserved, 7121k data, 1264k init)
Aug  9 14:00:21 TIM kernel: Hierarchical RCU implementation.
Aug  9 14:00:21 TIM kernel: NR_IRQS:33024 nr_irqs:1688
Aug  9 14:00:21 TIM kernel: Console: colour VGA+ 80x25
Aug  9 14:00:21 TIM kernel: console [tty0] enabled
Aug  9 14:00:21 TIM kernel: allocated 67108864 bytes of page_cgroup
Aug  9 14:00:21 TIM kernel: please try 'cgroup_disable=memory' option if you don't want memory cgroups
Aug  9 14:00:21 TIM kernel: Detected 2294.470 MHz processor.
Aug  9 14:00:21 TIM kernel: Calibrating delay loop (skipped) preset value.. 4588.94 BogoMIPS (lpj=2294470)
Aug  9 14:00:21 TIM kernel: pid_max: default: 163840 minimum: 1280
Aug  9 14:00:21 TIM kernel: Security Framework initialized
Aug  9 14:00:21 TIM kernel: SELinux:  Initializing.
Aug  9 14:00:21 TIM kernel: Dentry cache hash table entries: 2097152 (order: 12, 16777216 bytes)
Aug  9 14:00:21 TIM kernel: Inode-cache hash table entries: 1048576 (order: 11, 8388608 bytes)
Aug  9 14:00:21 TIM kernel: Mount-cache hash table entries: 256
Aug  9 14:00:21 TIM kernel: Initializing cgroup subsys ns
Aug  9 14:00:21 TIM kernel: Initializing cgroup subsys cpuacct
Aug  9 14:00:21 TIM kernel: Initializing cgroup subsys memory
Aug  9 14:00:21 TIM kernel: Initializing cgroup subsys devices
Aug  9 14:00:21 TIM kernel: Initializing cgroup subsys freezer
Aug  9 14:00:21 TIM kernel: Initializing cgroup subsys net_cls
Aug  9 14:00:21 TIM kernel: Initializing cgroup subsys blkio
Aug  9 14:00:21 TIM kernel: Initializing cgroup subsys perf_event
Aug  9 14:00:21 TIM kernel: Initializing cgroup subsys net_prio
Aug  9 14:00:21 TIM kernel: CPU: Physical Processor ID: 0
Aug  9 14:00:21 TIM kernel: CPU: Processor Core ID: 0
Aug  9 14:00:21 TIM kernel: mce: CPU supports 10 MCE banks
Aug  9 14:00:21 TIM kernel: alternatives: switching to unfair spinlock
Aug  9 14:00:21 TIM kernel: ACPI: Core revision 20090903
Aug  9 14:00:21 TIM kernel: ftrace: converting mcount calls to 0f 1f 44 00 00
Aug  9 14:00:21 TIM kernel: ftrace: allocating 21428 entries in 85 pages
Aug  9 14:00:21 TIM kernel: Enabling x2apic
Aug  9 14:00:21 TIM kernel: Enabled x2apic
Aug  9 14:00:21 TIM kernel: Setting APIC routing to physical x2apic
Aug  9 14:00:21 TIM kernel: ..TIMER: vector=0x30 apic1=0 pin1=2 apic2=-1 pin2=-1
Aug  9 14:00:21 TIM kernel: CPU0: Intel(R) Xeon(R) CPU E7-4850 v2 @ 2.30GHz stepping 03
Aug  9 14:00:21 TIM kernel: Performance Events: Broken PMU hardware detected, using software events only.
Aug  9 14:00:21 TIM kernel: NMI watchdog disabled (cpu0): hardware events not enabled
Aug  9 14:00:21 TIM kernel: Booting Node   0, Processors  #1
Aug  9 14:00:21 TIM kernel: kvm-clock: cpu 1, msr 0:38036681, secondary cpu clock
Aug  9 14:00:21 TIM kernel: kvm-stealtime: cpu 1, msr 3802e840
Aug  9 14:00:21 TIM kernel: #2
Aug  9 14:00:21 TIM kernel: kvm-clock: cpu 2, msr 0:38056681, secondary cpu clock
Aug  9 14:00:21 TIM kernel: kvm-stealtime: cpu 2, msr 3804e840
Aug  9 14:00:21 TIM kernel: #3
Aug  9 14:00:21 TIM kernel: kvm-clock: cpu 3, msr 0:38076681, secondary cpu clock
Aug  9 14:00:21 TIM kernel: kvm-stealtime: cpu 3, msr 3806e840
Aug  9 14:00:21 TIM kernel: #4
Aug  9 14:00:21 TIM kernel: kvm-clock: cpu 4, msr 0:38096681, secondary cpu clock
Aug  9 14:00:21 TIM kernel: kvm-stealtime: cpu 4, msr 3808e840
Aug  9 14:00:21 TIM kernel: #5
Aug  9 14:00:21 TIM kernel: kvm-clock: cpu 5, msr 0:380b6681, secondary cpu clock
Aug  9 14:00:21 TIM kernel: kvm-stealtime: cpu 5, msr 380ae840
Aug  9 14:00:21 TIM kernel: #6
Aug  9 14:00:21 TIM kernel: kvm-clock: cpu 6, msr 0:380d6681, secondary cpu clock
Aug  9 14:00:21 TIM kernel: kvm-stealtime: cpu 6, msr 380ce840
Aug  9 14:00:21 TIM kernel: #7
Aug  9 14:00:21 TIM kernel: kvm-clock: cpu 7, msr 0:380f6681, secondary cpu clock
Aug  9 14:00:21 TIM kernel: kvm-stealtime: cpu 7, msr 380ee840
Aug  9 14:00:21 TIM kernel: Brought up 8 CPUs
Aug  9 14:00:21 TIM kernel: Total of 8 processors activated (36711.52 BogoMIPS).
Aug  9 14:00:21 TIM kernel: devtmpfs: initialized
Aug  9 14:00:21 TIM kernel: regulator: core version 0.5
Aug  9 14:00:21 TIM kernel: NET: Registered protocol family 16
Aug  9 14:00:21 TIM kernel: ACPI: bus type pci registered
Aug  9 14:00:21 TIM kernel: PCI: Using configuration type 1 for base access
Aug  9 14:00:21 TIM kernel: bio: create slab <bio-0> at 0
Aug  9 14:00:21 TIM kernel: ACPI: Interpreter enabled
Aug  9 14:00:21 TIM kernel: ACPI: (supports S0 S3 S4 S5)
Aug  9 14:00:21 TIM kernel: ACPI: Using IOAPIC for interrupt routing
Aug  9 14:00:21 TIM kernel: ACPI: No dock devices found.
Aug  9 14:00:21 TIM kernel: HEST: Table not found.
Aug  9 14:00:21 TIM kernel: PCI: Using host bridge windows from ACPI; if necessary, use "pci=nocrs" and report a bug
Aug  9 14:00:21 TIM kernel: ACPI: PCI Root Bridge [PCI0] (domain 0000 [bus 00-ff])
Aug  9 14:00:21 TIM kernel: pci_root PNP0A03:00: host bridge window [io  0x0000-0x0cf7]
Aug  9 14:00:21 TIM kernel: pci_root PNP0A03:00: host bridge window [io  0x0d00-0xadff]
Aug  9 14:00:21 TIM kernel: pci_root PNP0A03:00: host bridge window [io  0xae0f-0xaeff]
Aug  9 14:00:21 TIM kernel: pci_root PNP0A03:00: host bridge window [io  0xaf20-0xafdf]
Aug  9 14:00:21 TIM kernel: pci_root PNP0A03:00: host bridge window [io  0xafe4-0xffff]
Aug  9 14:00:21 TIM kernel: pci_root PNP0A03:00: host bridge window [mem 0x000a0000-0x000bffff]
Aug  9 14:00:21 TIM kernel: pci_root PNP0A03:00: host bridge window [mem 0xc0000000-0xfebfffff]
Aug  9 14:00:21 TIM kernel: pci 0000:00:01.3: quirk: [io  0x0600-0x063f] claimed by PIIX4 ACPI
Aug  9 14:00:21 TIM kernel: pci 0000:00:01.3: quirk: [io  0x0700-0x070f] claimed by PIIX4 SMB
Aug  9 14:00:21 TIM kernel: ACPI: PCI Interrupt Link [LNKA] (IRQs 5 *10 11)
Aug  9 14:00:21 TIM kernel: ACPI: PCI Interrupt Link [LNKB] (IRQs 5 *10 11)
Aug  9 14:00:21 TIM kernel: ACPI: PCI Interrupt Link [LNKC] (IRQs 5 10 *11)
Aug  9 14:00:21 TIM kernel: ACPI: PCI Interrupt Link [LNKD] (IRQs 5 10 *11)
Aug  9 14:00:21 TIM kernel: ACPI: PCI Interrupt Link [LNKS] (IRQs *9)
Aug  9 14:00:21 TIM kernel: vgaarb: device added: PCI:0000:00:02.0,decodes=io+mem,owns=io+mem,locks=none
Aug  9 14:00:21 TIM kernel: vgaarb: loaded
Aug  9 14:00:21 TIM kernel: vgaarb: bridge control possible 0000:00:02.0
Aug  9 14:00:21 TIM kernel: SCSI subsystem initialized
Aug  9 14:00:21 TIM kernel: usbcore: registered new interface driver usbfs
Aug  9 14:00:21 TIM kernel: usbcore: registered new interface driver hub
Aug  9 14:00:21 TIM kernel: usbcore: registered new device driver usb
Aug  9 14:00:21 TIM kernel: PCI: Using ACPI for IRQ routing
Aug  9 14:00:21 TIM kernel: NetLabel: Initializing
Aug  9 14:00:21 TIM kernel: NetLabel:  domain hash size = 128
Aug  9 14:00:21 TIM kernel: NetLabel:  protocols = UNLABELED CIPSOv4
Aug  9 14:00:21 TIM kernel: NetLabel:  unlabeled traffic allowed by default
Aug  9 14:00:21 TIM kernel: HPET: 3 timers in total, 0 timers will be used for per-cpu timer
Aug  9 14:00:21 TIM kernel: hpet0: at MMIO 0xfed00000, IRQs 2, 8, 0
Aug  9 14:00:21 TIM kernel: hpet0: 3 comparators, 64-bit 100.000000 MHz counter
Aug  9 14:00:21 TIM kernel: Switching to clocksource kvm-clock
Aug  9 14:00:21 TIM kernel: pnp: PnP ACPI init
Aug  9 14:00:21 TIM kernel: ACPI: bus type pnp registered
Aug  9 14:00:21 TIM kernel: pnp: PnP ACPI: found 9 devices
Aug  9 14:00:21 TIM kernel: ACPI: ACPI bus type pnp unregistered
Aug  9 14:00:21 TIM kernel: NET: Registered protocol family 2
Aug  9 14:00:21 TIM kernel: IP route cache hash table entries: 524288 (order: 10, 4194304 bytes)
Aug  9 14:00:21 TIM kernel: TCP established hash table entries: 524288 (order: 11, 8388608 bytes)
Aug  9 14:00:21 TIM kernel: TCP bind hash table entries: 65536 (order: 8, 1048576 bytes)
Aug  9 14:00:21 TIM kernel: TCP: Hash tables configured (established 524288 bind 65536)
Aug  9 14:00:21 TIM kernel: TCP reno registered
Aug  9 14:00:21 TIM kernel: NET: Registered protocol family 1
Aug  9 14:00:21 TIM kernel: pci 0000:00:00.0: Limiting direct PCI/PCI transfers
Aug  9 14:00:21 TIM kernel: pci 0000:00:01.0: PIIX3: Enabling Passive Release
Aug  9 14:00:21 TIM kernel: pci 0000:00:01.0: Activating ISA DMA hang workarounds
Aug  9 14:00:21 TIM kernel: ACPI: PCI Interrupt Link [LNKD] enabled at IRQ 11
Aug  9 14:00:21 TIM kernel: pci 0000:00:01.2: PCI INT D -> Link[LNKD] -> GSI 11 (level, high) -> IRQ 11
Aug  9 14:00:21 TIM kernel: pci 0000:00:01.2: PCI INT D disabled
Aug  9 14:00:21 TIM kernel: ACPI: PCI Interrupt Link [LNKC] enabled at IRQ 10
Aug  9 14:00:21 TIM kernel: pci 0000:00:04.0: PCI INT D -> Link[LNKC] -> GSI 10 (level, high) -> IRQ 10
Aug  9 14:00:21 TIM kernel: pci 0000:00:04.0: PCI INT D disabled
Aug  9 14:00:21 TIM kernel: ACPI: PCI Interrupt Link [LNKA] enabled at IRQ 10
Aug  9 14:00:21 TIM kernel: pci 0000:00:05.0: PCI INT A -> Link[LNKA] -> GSI 10 (level, high) -> IRQ 10
Aug  9 14:00:21 TIM kernel: pci 0000:00:05.0: PCI INT A disabled
Aug  9 14:00:21 TIM kernel: Trying to unpack rootfs image as initramfs...
Aug  9 14:00:21 TIM kernel: Freeing initrd memory: 16126k freed
Aug  9 14:00:21 TIM kernel: audit: initializing netlink socket (disabled)
Aug  9 14:00:21 TIM kernel: type=2000 audit(1470722412.054:1): initialized
Aug  9 14:00:21 TIM kernel: HugeTLB registered 2 MB page size, pre-allocated 0 pages
Aug  9 14:00:21 TIM kernel: VFS: Disk quotas dquot_6.5.2
Aug  9 14:00:21 TIM kernel: Dquot-cache hash table entries: 512 (order 0, 4096 bytes)
Aug  9 14:00:21 TIM kernel: msgmni has been set to 31857
Aug  9 14:00:21 TIM kernel: alg: No test for stdrng (krng)
Aug  9 14:00:21 TIM kernel: ksign: Installing public key data
Aug  9 14:00:21 TIM kernel: Loading keyring
Aug  9 14:00:21 TIM kernel: - Added public key DB6BC3CB5AEBCDD6
Aug  9 14:00:21 TIM kernel: - User ID: Red Hat, Inc. (Kernel Module GPG key)
Aug  9 14:00:21 TIM kernel: - Added public key D4A26C9CCD09BEDA
Aug  9 14:00:21 TIM kernel: - User ID: Red Hat Enterprise Linux Driver Update Program <secalert@redhat.com>
Aug  9 14:00:21 TIM kernel: Block layer SCSI generic (bsg) driver version 0.4 loaded (major 251)
Aug  9 14:00:21 TIM kernel: io scheduler noop registered
Aug  9 14:00:21 TIM kernel: io scheduler anticipatory registered
Aug  9 14:00:21 TIM kernel: io scheduler deadline registered
Aug  9 14:00:21 TIM kernel: io scheduler cfq registered (default)
Aug  9 14:00:21 TIM kernel: pci_hotplug: PCI Hot Plug PCI Core version: 0.5
Aug  9 14:00:21 TIM kernel: pciehp: PCI Express Hot Plug Controller Driver version: 0.4
Aug  9 14:00:21 TIM kernel: acpiphp: ACPI Hot Plug PCI Controller Driver version: 0.5
Aug  9 14:00:21 TIM kernel: acpiphp: Slot [3] registered
Aug  9 14:00:21 TIM kernel: acpiphp: Slot [6] registered
Aug  9 14:00:21 TIM kernel: acpiphp: Slot [7] registered
Aug  9 14:00:21 TIM kernel: acpiphp: Slot [8] registered
Aug  9 14:00:21 TIM kernel: acpiphp: Slot [9] registered
Aug  9 14:00:21 TIM kernel: acpiphp: Slot [10] registered
Aug  9 14:00:21 TIM kernel: acpiphp: Slot [11] registered
Aug  9 14:00:21 TIM kernel: acpiphp: Slot [12] registered
Aug  9 14:00:21 TIM kernel: acpiphp: Slot [13] registered
Aug  9 14:00:21 TIM kernel: acpiphp: Slot [14] registered
Aug  9 14:00:21 TIM kernel: acpiphp: Slot [15] registered
Aug  9 14:00:21 TIM kernel: acpiphp: Slot [16] registered
Aug  9 14:00:21 TIM kernel: acpiphp: Slot [17] registered
Aug  9 14:00:21 TIM kernel: acpiphp: Slot [18] registered
Aug  9 14:00:21 TIM kernel: acpiphp: Slot [19] registered
Aug  9 14:00:21 TIM kernel: acpiphp: Slot [20] registered
Aug  9 14:00:21 TIM kernel: acpiphp: Slot [21] registered
Aug  9 14:00:21 TIM kernel: acpiphp: Slot [22] registered
Aug  9 14:00:21 TIM kernel: acpiphp: Slot [23] registered
Aug  9 14:00:21 TIM kernel: acpiphp: Slot [24] registered
Aug  9 14:00:21 TIM kernel: acpiphp: Slot [25] registered
Aug  9 14:00:21 TIM kernel: acpiphp: Slot [26] registered
Aug  9 14:00:21 TIM kernel: acpiphp: Slot [27] registered
Aug  9 14:00:21 TIM kernel: acpiphp: Slot [28] registered
Aug  9 14:00:21 TIM kernel: acpiphp: Slot [29] registered
Aug  9 14:00:21 TIM kernel: acpiphp: Slot [30] registered
Aug  9 14:00:21 TIM kernel: acpiphp: Slot [31] registered
Aug  9 14:00:21 TIM kernel: ipmi message handler version 39.2
Aug  9 14:00:21 TIM kernel: IPMI System Interface driver.
Aug  9 14:00:21 TIM kernel: ipmi_si: Adding default-specified kcs state machine
Aug  9 14:00:21 TIM kernel: ipmi_si: Trying default-specified kcs state machine at i/o address 0xca2, slave address 0x0, irq 0
Aug  9 14:00:21 TIM kernel: ipmi_si: Interface detection failed
Aug  9 14:00:21 TIM kernel: ipmi_si: Adding default-specified smic state machine
Aug  9 14:00:21 TIM kernel: ipmi_si: Trying default-specified smic state machine at i/o address 0xca9, slave address 0x0, irq 0
Aug  9 14:00:21 TIM kernel: ipmi_si: Interface detection failed
Aug  9 14:00:21 TIM kernel: ipmi_si: Adding default-specified bt state machine
Aug  9 14:00:21 TIM kernel: ipmi_si: Trying default-specified bt state machine at i/o address 0xe4, slave address 0x0, irq 0
Aug  9 14:00:21 TIM kernel: ipmi_si: Interface detection failed
Aug  9 14:00:21 TIM kernel: ipmi_si: Unable to find any System Interface(s)
Aug  9 14:00:21 TIM kernel: input: Power Button as /devices/LNXSYSTM:00/LNXPWRBN:00/input/input0
Aug  9 14:00:21 TIM kernel: ACPI: Power Button [PWRF]
Aug  9 14:00:21 TIM kernel: ERST: Table is not found!
Aug  9 14:00:21 TIM kernel: GHES: HEST is not enabled!
Aug  9 14:00:21 TIM kernel: Non-volatile memory driver v1.3
Aug  9 14:00:21 TIM kernel: Linux agpgart interface v0.103
Aug  9 14:00:21 TIM kernel: crash memory driver: version 1.1
Aug  9 14:00:21 TIM kernel: Serial: 8250/16550 driver, 4 ports, IRQ sharing enabled
Aug  9 14:00:21 TIM kernel: serial8250: ttyS0 at I/O 0x3f8 (irq = 4) is a 16550A
Aug  9 14:00:21 TIM kernel: 00:05: ttyS0 at I/O 0x3f8 (irq = 4) is a 16550A
Aug  9 14:00:21 TIM kernel: brd: module loaded
Aug  9 14:00:21 TIM kernel: loop: module loaded
Aug  9 14:00:21 TIM kernel: input: Macintosh mouse button emulation as /devices/virtual/input/input1
Aug  9 14:00:21 TIM kernel: Fixed MDIO Bus: probed
Aug  9 14:00:21 TIM kernel: ehci_hcd: USB 2.0 'Enhanced' Host Controller (EHCI) Driver
Aug  9 14:00:21 TIM kernel: ehci_hcd 0000:00:04.0: PCI INT D -> Link[LNKC] -> GSI 10 (level, high) -> IRQ 10
Aug  9 14:00:21 TIM kernel: ehci_hcd 0000:00:04.0: EHCI Host Controller
Aug  9 14:00:21 TIM kernel: ehci_hcd 0000:00:04.0: new USB bus registered, assigned bus number 1
Aug  9 14:00:21 TIM kernel: ehci_hcd 0000:00:04.0: irq 10, io mem 0xfebd6000
Aug  9 14:00:21 TIM kernel: ehci_hcd 0000:00:04.0: USB 2.0 started, EHCI 1.00
Aug  9 14:00:21 TIM kernel: usb usb1: New USB device found, idVendor=1d6b, idProduct=0002
Aug  9 14:00:21 TIM kernel: usb usb1: New USB device strings: Mfr=3, Product=2, SerialNumber=1
Aug  9 14:00:21 TIM kernel: usb usb1: Product: EHCI Host Controller
Aug  9 14:00:21 TIM kernel: usb usb1: Manufacturer: Linux 2.6.32-358.el6.x86_64 ehci_hcd
Aug  9 14:00:21 TIM kernel: usb usb1: SerialNumber: 0000:00:04.0
Aug  9 14:00:21 TIM kernel: usb usb1: configuration #1 chosen from 1 choice
Aug  9 14:00:21 TIM kernel: hub 1-0:1.0: USB hub found
Aug  9 14:00:21 TIM kernel: hub 1-0:1.0: 6 ports detected
Aug  9 14:00:21 TIM kernel: ohci_hcd: USB 1.1 'Open' Host Controller (OHCI) Driver
Aug  9 14:00:21 TIM kernel: uhci_hcd: USB Universal Host Controller Interface driver
Aug  9 14:00:21 TIM kernel: uhci_hcd 0000:00:01.2: PCI INT D -> Link[LNKD] -> GSI 11 (level, high) -> IRQ 11
Aug  9 14:00:21 TIM kernel: uhci_hcd 0000:00:01.2: UHCI Host Controller
Aug  9 14:00:21 TIM kernel: uhci_hcd 0000:00:01.2: new USB bus registered, assigned bus number 2
Aug  9 14:00:21 TIM kernel: uhci_hcd 0000:00:01.2: irq 11, io base 0x0000c080
Aug  9 14:00:21 TIM kernel: usb usb2: New USB device found, idVendor=1d6b, idProduct=0001
Aug  9 14:00:21 TIM kernel: usb usb2: New USB device strings: Mfr=3, Product=2, SerialNumber=1
Aug  9 14:00:21 TIM kernel: usb usb2: Product: UHCI Host Controller
Aug  9 14:00:21 TIM kernel: usb usb2: Manufacturer: Linux 2.6.32-358.el6.x86_64 uhci_hcd
Aug  9 14:00:21 TIM kernel: usb usb2: SerialNumber: 0000:00:01.2
Aug  9 14:00:21 TIM kernel: usb usb2: configuration #1 chosen from 1 choice
Aug  9 14:00:21 TIM kernel: hub 2-0:1.0: USB hub found
Aug  9 14:00:21 TIM kernel: hub 2-0:1.0: 2 ports detected
Aug  9 14:00:21 TIM kernel: PNP: PS/2 Controller [PNP0303:KBD,PNP0f13:MOU] at 0x60,0x64 irq 1,12
Aug  9 14:00:21 TIM kernel: serio: i8042 KBD port at 0x60,0x64 irq 1
Aug  9 14:00:21 TIM kernel: serio: i8042 AUX port at 0x60,0x64 irq 12
Aug  9 14:00:21 TIM kernel: mice: PS/2 mouse device common for all mice
Aug  9 14:00:21 TIM kernel: rtc_cmos 00:01: RTC can wake from S4
Aug  9 14:00:21 TIM kernel: rtc_cmos 00:01: rtc core: registered rtc_cmos as rtc0
Aug  9 14:00:21 TIM kernel: input: AT Translated Set 2 keyboard as /devices/platform/i8042/serio0/input/input2
Aug  9 14:00:21 TIM kernel: rtc0: alarms up to one day, 114 bytes nvram, hpet irqs
Aug  9 14:00:21 TIM kernel: cpuidle: using governor ladder
Aug  9 14:00:21 TIM kernel: cpuidle: using governor menu
Aug  9 14:00:21 TIM kernel: EFI Variables Facility v0.08 2004-May-17
Aug  9 14:00:21 TIM kernel: usbcore: registered new interface driver hiddev
Aug  9 14:00:21 TIM kernel: usbcore: registered new interface driver usbhid
Aug  9 14:00:21 TIM kernel: usbhid: v2.6:USB HID core driver
Aug  9 14:00:21 TIM kernel: TCP cubic registered
Aug  9 14:00:21 TIM kernel: Initializing XFRM netlink socket
Aug  9 14:00:21 TIM kernel: NET: Registered protocol family 17
Aug  9 14:00:21 TIM kernel: registered taskstats version 1
Aug  9 14:00:21 TIM kernel: rtc_cmos 00:01: setting system clock to 2016-08-09 06:00:08 UTC (1470722408)
Aug  9 14:00:21 TIM kernel: Initalizing network drop monitor service
Aug  9 14:00:21 TIM kernel: Freeing unused kernel memory: 1264k freed
Aug  9 14:00:21 TIM kernel: Write protecting the kernel read-only data: 10240k
Aug  9 14:00:21 TIM kernel: Freeing unused kernel memory: 904k freed
Aug  9 14:00:21 TIM kernel: Freeing unused kernel memory: 1676k freed
Aug  9 14:00:21 TIM kernel: dracut: dracut-004-303.el6
Aug  9 14:00:21 TIM kernel: dracut: rd_NO_LUKS: removing cryptoluks activation
Aug  9 14:00:21 TIM kernel: device-mapper: uevent: version 1.0.3
Aug  9 14:00:21 TIM kernel: device-mapper: ioctl: 4.23.6-ioctl (2012-07-25) initialised: dm-devel@redhat.com
Aug  9 14:00:21 TIM kernel: udev: starting version 147
Aug  9 14:00:21 TIM kernel: dracut: Starting plymouth daemon
Aug  9 14:00:21 TIM kernel: dracut: rd_NO_DM: removing DM RAID activation
Aug  9 14:00:21 TIM kernel: dracut: rd_NO_MD: removing MD RAID activation
Aug  9 14:00:21 TIM kernel: scsi0 : ata_piix
Aug  9 14:00:21 TIM kernel: scsi1 : ata_piix
Aug  9 14:00:21 TIM kernel: ata1: PATA max MWDMA2 cmd 0x1f0 ctl 0x3f6 bmdma 0xc100 irq 14
Aug  9 14:00:21 TIM kernel: ata2: PATA max MWDMA2 cmd 0x170 ctl 0x376 bmdma 0xc108 irq 15
Aug  9 14:00:21 TIM kernel: usb 2-1: new full speed USB device number 2 using uhci_hcd
Aug  9 14:00:21 TIM kernel: virtio-pci 0000:00:03.0: PCI INT A -> Link[LNKC] -> GSI 10 (level, high) -> IRQ 10
Aug  9 14:00:21 TIM kernel: ACPI: PCI Interrupt Link [LNKB] enabled at IRQ 11
Aug  9 14:00:21 TIM kernel: virtio-pci 0000:00:06.0: PCI INT A -> Link[LNKB] -> GSI 11 (level, high) -> IRQ 11
Aug  9 14:00:21 TIM kernel: virtio-pci 0000:00:07.0: PCI INT A -> Link[LNKC] -> GSI 10 (level, high) -> IRQ 10
Aug  9 14:00:21 TIM kernel: virtio-pci 0000:00:08.0: PCI INT A -> Link[LNKD] -> GSI 11 (level, high) -> IRQ 11
Aug  9 14:00:21 TIM kernel: virtio-pci 0000:00:09.0: PCI INT A -> Link[LNKA] -> GSI 10 (level, high) -> IRQ 10
Aug  9 14:00:21 TIM kernel: scsi2 : Virtio SCSI HBA
Aug  9 14:00:21 TIM kernel: input: ImExPS/2 Generic Explorer Mouse as /devices/platform/i8042/serio1/input/input3
Aug  9 14:00:21 TIM kernel: usb 2-1: New USB device found, idVendor=0409, idProduct=55aa
Aug  9 14:00:21 TIM kernel: usb 2-1: New USB device strings: Mfr=1, Product=2, SerialNumber=3
Aug  9 14:00:21 TIM kernel: usb 2-1: Product: QEMU USB Hub
Aug  9 14:00:21 TIM kernel: usb 2-1: Manufacturer: QEMU
Aug  9 14:00:21 TIM kernel: usb 2-1: SerialNumber: 314159-0000:00:01.2-1
Aug  9 14:00:21 TIM kernel: usb 2-1: configuration #1 chosen from 1 choice
Aug  9 14:00:21 TIM kernel: hub 2-1:1.0: USB hub found
Aug  9 14:00:21 TIM kernel: vda:
Aug  9 14:00:21 TIM kernel: hub 2-1:1.0: 8 ports detected
Aug  9 14:00:21 TIM kernel: vda1 vda2
Aug  9 14:00:21 TIM kernel: dracut: Scanning devices vda2  for LVM logical volumes VolGroup/lv_swap VolGroup/lv_root 
Aug  9 14:00:21 TIM kernel: dracut: inactive '/dev/VolGroup/lv_root' [50.00 GiB] inherit
Aug  9 14:00:21 TIM kernel: dracut: inactive '/dev/VolGroup/lv_home' [441.66 GiB] inherit
Aug  9 14:00:21 TIM kernel: dracut: inactive '/dev/VolGroup/lv_swap' [7.85 GiB] inherit
Aug  9 14:00:21 TIM kernel: usb 2-2: new full speed USB device number 3 using uhci_hcd
Aug  9 14:00:21 TIM kernel: Refined TSC clocksource calibration: 2294.470 MHz.
Aug  9 14:00:21 TIM kernel: usb 2-2: not running at top speed; connect to a high speed hub
Aug  9 14:00:21 TIM kernel: usb 2-2: New USB device found, idVendor=0627, idProduct=0001
Aug  9 14:00:21 TIM kernel: usb 2-2: New USB device strings: Mfr=1, Product=3, SerialNumber=5
Aug  9 14:00:21 TIM kernel: usb 2-2: Product: QEMU USB Tablet
Aug  9 14:00:21 TIM kernel: usb 2-2: Manufacturer: QEMU
Aug  9 14:00:21 TIM kernel: usb 2-2: SerialNumber: 42
Aug  9 14:00:21 TIM kernel: usb 2-2: configuration #1 chosen from 1 choice
Aug  9 14:00:21 TIM kernel: input: QEMU QEMU USB Tablet as /devices/pci0000:00/0000:00:01.2/usb2/2-2/2-2:1.0/input/input4
Aug  9 14:00:21 TIM kernel: generic-usb 0003:0627:0001.0001: input,hidraw0: USB HID v0.01 Pointer [QEMU QEMU USB Tablet] on usb-0000:00:01.2-2/input0
Aug  9 14:00:21 TIM kernel: EXT4-fs (dm-0): mounted filesystem with ordered data mode. Opts: 
Aug  9 14:00:21 TIM kernel: dracut: Mounted root filesystem /dev/mapper/VolGroup-lv_root
Aug  9 14:00:21 TIM kernel: dracut: Loading SELinux policy
Aug  9 14:00:21 TIM kernel: type=1404 audit(1470722409.631:2): enforcing=1 old_enforcing=0 auid=4294967295 ses=4294967295
Aug  9 14:00:21 TIM kernel: type=1403 audit(1470722410.198:3): policy loaded auid=4294967295 ses=4294967295
Aug  9 14:00:21 TIM kernel: dracut: 
Aug  9 14:00:21 TIM kernel: dracut: Switching root
Aug  9 14:00:21 TIM kernel: readahead: starting
Aug  9 14:00:21 TIM kernel: udev: starting version 147
Aug  9 14:00:21 TIM kernel: xhci_hcd 0000:00:05.0: PCI INT A -> Link[LNKA] -> GSI 10 (level, high) -> IRQ 10
Aug  9 14:00:21 TIM kernel: xhci_hcd 0000:00:05.0: xHCI Host Controller
Aug  9 14:00:21 TIM kernel: xhci_hcd 0000:00:05.0: new USB bus registered, assigned bus number 3
Aug  9 14:00:21 TIM kernel: xhci_hcd 0000:00:05.0: irq 10, io mem 0xfebd0000
Aug  9 14:00:21 TIM kernel: usb usb3: New USB device found, idVendor=1d6b, idProduct=0002
Aug  9 14:00:21 TIM kernel: usb usb3: New USB device strings: Mfr=3, Product=2, SerialNumber=1
Aug  9 14:00:21 TIM kernel: usb usb3: Product: xHCI Host Controller
Aug  9 14:00:21 TIM kernel: usb usb3: Manufacturer: Linux 2.6.32-358.el6.x86_64 xhci_hcd
Aug  9 14:00:21 TIM kernel: usb usb3: SerialNumber: 0000:00:05.0
Aug  9 14:00:21 TIM kernel: usb usb3: configuration #1 chosen from 1 choice
Aug  9 14:00:21 TIM kernel: hub 3-0:1.0: USB hub found
Aug  9 14:00:21 TIM kernel: hub 3-0:1.0: 4 ports detected
Aug  9 14:00:21 TIM kernel: xhci_hcd 0000:00:05.0: xHCI Host Controller
Aug  9 14:00:21 TIM kernel: xhci_hcd 0000:00:05.0: new USB bus registered, assigned bus number 4
Aug  9 14:00:21 TIM kernel: usb usb4: config 1 interface 0 altsetting 0 endpoint 0x81 has no SuperSpeed companion descriptor
Aug  9 14:00:21 TIM kernel: usb usb4: New USB device found, idVendor=1d6b, idProduct=0003
Aug  9 14:00:21 TIM kernel: usb usb4: New USB device strings: Mfr=3, Product=2, SerialNumber=1
Aug  9 14:00:21 TIM kernel: usb usb4: Product: xHCI Host Controller
Aug  9 14:00:21 TIM kernel: usb usb4: Manufacturer: Linux 2.6.32-358.el6.x86_64 xhci_hcd
Aug  9 14:00:21 TIM kernel: usb usb4: SerialNumber: 0000:00:05.0
Aug  9 14:00:21 TIM kernel: usb usb4: configuration #1 chosen from 1 choice
Aug  9 14:00:21 TIM kernel: hub 4-0:1.0: USB hub found
Aug  9 14:00:21 TIM kernel: hub 4-0:1.0: 4 ports detected
Aug  9 14:00:21 TIM kernel: piix4_smbus 0000:00:01.3: SMBus Host Controller at 0x700, revision 0
Aug  9 14:00:21 TIM kernel: microcode: CPU0 sig=0x663, pf=0x1, revision=0x1
Aug  9 14:00:21 TIM kernel: platform microcode: firmware: requesting intel-ucode/06-06-03
Aug  9 14:00:21 TIM kernel: microcode: CPU1 sig=0x663, pf=0x1, revision=0x1
Aug  9 14:00:21 TIM kernel: platform microcode: firmware: requesting intel-ucode/06-06-03
Aug  9 14:00:21 TIM kernel: microcode: CPU2 sig=0x663, pf=0x1, revision=0x1
Aug  9 14:00:21 TIM kernel: platform microcode: firmware: requesting intel-ucode/06-06-03
Aug  9 14:00:21 TIM kernel: microcode: CPU3 sig=0x663, pf=0x1, revision=0x1
Aug  9 14:00:21 TIM kernel: platform microcode: firmware: requesting intel-ucode/06-06-03
Aug  9 14:00:21 TIM kernel: microcode: CPU4 sig=0x663, pf=0x1, revision=0x1
Aug  9 14:00:21 TIM kernel: platform microcode: firmware: requesting intel-ucode/06-06-03
Aug  9 14:00:21 TIM kernel: microcode: CPU5 sig=0x663, pf=0x1, revision=0x1
Aug  9 14:00:21 TIM kernel: platform microcode: firmware: requesting intel-ucode/06-06-03
Aug  9 14:00:21 TIM kernel: microcode: CPU6 sig=0x663, pf=0x1, revision=0x1
Aug  9 14:00:21 TIM kernel: platform microcode: firmware: requesting intel-ucode/06-06-03
Aug  9 14:00:21 TIM kernel: microcode: CPU7 sig=0x663, pf=0x1, revision=0x1
Aug  9 14:00:21 TIM kernel: platform microcode: firmware: requesting intel-ucode/06-06-03
Aug  9 14:00:21 TIM kernel: Microcode Update Driver: v2.00 <tigran@aivazian.fsnet.co.uk>, Peter Oruba
Aug  9 14:00:21 TIM kernel: EXT4-fs (vda1): mounted filesystem with ordered data mode. Opts: 
Aug  9 14:00:21 TIM kernel: EXT4-fs (dm-2): mounted filesystem with ordered data mode. Opts: 
Aug  9 14:00:21 TIM kernel: Adding 8232952k swap on /dev/mapper/VolGroup-lv_swap.  Priority:-1 extents:1 across:8232952k 
Aug  9 14:00:21 TIM kernel: NET: Registered protocol family 10
Aug  9 14:00:21 TIM kernel: lo: Disabled Privacy Extensions
Aug  9 14:00:21 TIM kernel: ip6_tables: (C) 2000-2006 Netfilter Core Team
Aug  9 14:00:21 TIM kernel: nf_conntrack version 0.5.0 (16384 buckets, 65536 max)
Aug  9 14:00:21 TIM kernel: type=1400 audit(1470722421.393:4): avc:  denied  { search } for  pid=1496 comm=72733A6D61696E20513A526567 scontext=system_u:system_r:syslogd_t:s0 tcontext=system_u:object_r:sysctl_vm_t:s0 tclass=dir
Aug  9 14:00:21 TIM RMCdaemon[1531]: (Recorded using libct_ffdc.a cv 2):::Error ID: 824....p3LeL/nck182e.2/...................:::Reference ID:  :::Template ID: 0:::Details File:  :::Location: RSCT,rmcd.c,1.80,230                          :::RMCD_INFO_0_ST#012启动守护程序。
Aug  9 14:00:23 TIM kdump: kexec: loaded kdump kernel
Aug  9 14:00:23 TIM kdump: started up
Aug  9 14:00:23 TIM rpc.statd[1670]: Version 1.2.3 starting
Aug  9 14:00:23 TIM sm-notify[1671]: Version 1.2.3 starting
Aug  9 14:00:23 TIM kernel: RPC: Registered named UNIX socket transport module.
Aug  9 14:00:23 TIM kernel: RPC: Registered udp transport module.
Aug  9 14:00:23 TIM kernel: RPC: Registered tcp transport module.
Aug  9 14:00:23 TIM kernel: RPC: Registered tcp NFSv4.1 backchannel transport module.
Aug  9 14:00:24 TIM acpid: starting up
Aug  9 14:00:24 TIM acpid: 1 rule loaded
Aug  9 14:00:24 TIM acpid: waiting for events: event logging is off
Aug  9 14:00:24 TIM acpid: client connected from 1811[68:68]
Aug  9 14:00:24 TIM acpid: 1 client rule loaded
Aug  9 14:00:25 TIM automount[1829]: lookup_read_master: lookup(nisplus): couldn't locate nis+ table auto.master
Aug  9 14:00:26 TIM abrtd: Init complete, entering main loop
Aug  9 14:00:28 TIM abrt[2171]: Aborting dump: only 177MiB is available on /var/spool/abrt
Aug  9 14:00:28 TIM abrt[2179]: Aborting dump: only 177MiB is available on /var/spool/abrt
Aug  9 14:00:28 TIM abrt[2183]: Aborting dump: only 177MiB is available on /var/spool/abrt
Aug  9 14:00:28 TIM gnome-session[2155]: WARNING: Error retrieving configuration key '/desktop/gnome/session/idle_delay': 联系配置服务器失败；某些可能原因是需要为 ORBit 启用 TCP/IP 联网，或者由于系统崩溃，您的 NFS 锁定已失效。请访问 http://projects.gnome.org/gconf/ 了解详细信息。(详细信息 -  1: 无法发送消息到 GConf 守护进程：Process /usr/libexec/gconfd-2 received signal 6)
Aug  9 14:00:28 TIM abrt[2186]: Aborting dump: only 177MiB is available on /var/spool/abrt
Aug  9 14:00:28 TIM gnome-session[2155]: WARNING: Error retrieving configuration key '/desktop/gnome/session/max_idle_time': 联系配置服务器失败；某些可能原因是需要为 ORBit 启用 TCP/IP 联网，或者由于系统崩溃，您的 NFS 锁定已失效。请访问 http://projects.gnome.org/gconf/ 了解详细信息。(详细信息 -  1: 无法发送消息到 GConf 守护进程：Process /usr/libexec/gconfd-2 received signal 6)
Aug  9 14:00:28 TIM abrt[2189]: Aborting dump: only 177MiB is available on /var/spool/abrt
Aug  9 14:00:28 TIM gnome-session[2155]: WARNING: Error retrieving configuration key '/desktop/gnome/session/max_idle_time': 联系配置服务器失败；某些可能原因是需要为 ORBit 启用 TCP/IP 联网，或者由于系统崩溃，您的 NFS 锁定已失效。请访问 http://projects.gnome.org/gconf/ 了解详细信息。(详细信息 -  1: 无法发送消息到 GConf 守护进程：Process /usr/libexec/gconfd-2 received signal 6)
Aug  9 14:00:28 TIM abrt[2192]: Aborting dump: only 177MiB is available on /var/spool/abrt
Aug  9 14:00:28 TIM abrt[2195]: Aborting dump: only 177MiB is available on /var/spool/abrt
Aug  9 14:00:28 TIM abrt[2198]: Aborting dump: only 177MiB is available on /var/spool/abrt
Aug  9 14:00:28 TIM abrt[2201]: Aborting dump: only 177MiB is available on /var/spool/abrt
Aug  9 14:00:28 TIM abrt[2204]: Aborting dump: only 177MiB is available on /var/spool/abrt
Aug  9 14:00:28 TIM abrt[2207]: Aborting dump: only 177MiB is available on /var/spool/abrt
Aug  9 14:00:28 TIM abrt[2210]: Aborting dump: only 177MiB is available on /var/spool/abrt
Aug  9 14:00:28 TIM abrt[2213]: Aborting dump: only 177MiB is available on /var/spool/abrt
Aug  9 14:00:28 TIM abrt[2216]: Aborting dump: only 177MiB is available on /var/spool/abrt
Aug  9 14:00:29 TIM abrt[2219]: Aborting dump: only 177MiB is available on /var/spool/abrt
Aug  9 14:00:29 TIM abrt[2222]: Aborting dump: only 177MiB is available on /var/spool/abrt
Aug  9 14:00:29 TIM abrt[2225]: Aborting dump: only 177MiB is available on /var/spool/abrt
Aug  9 14:00:29 TIM abrt[2228]: Aborting dump: only 177MiB is available on /var/spool/abrt
Aug  9 14:00:29 TIM abrt[2231]: Aborting dump: only 177MiB is available on /var/spool/abrt
Aug  9 14:00:29 TIM abrt[2234]: Aborting dump: only 177MiB is available on /var/spool/abrt
Aug  9 14:00:29 TIM spice-vdagent[2235]: Missing virtio device '/dev/virtio-ports/com.redhat.spice.0': No such file or directory
Aug  9 14:00:29 TIM abrt[2239]: Aborting dump: only 177MiB is available on /var/spool/abrt
Aug  9 14:00:29 TIM abrt[2244]: Aborting dump: only 177MiB is available on /var/spool/abrt
Aug  9 14:00:29 TIM abrt[2247]: Aborting dump: only 177MiB is available on /var/spool/abrt
Aug  9 14:00:29 TIM abrt[2250]: Aborting dump: only 177MiB is available on /var/spool/abrt
Aug  9 14:00:29 TIM abrt[2253]: Aborting dump: only 177MiB is available on /var/spool/abrt
Aug  9 14:00:29 TIM abrt[2256]: Aborting dump: only 177MiB is available on /var/spool/abrt
Aug  9 14:00:29 TIM abrt[2259]: Aborting dump: only 177MiB is available on /var/spool/abrt
Aug  9 14:00:29 TIM abrt[2262]: Aborting dump: only 177MiB is available on /var/spool/abrt
Aug  9 14:00:29 TIM abrt[2265]: Aborting dump: only 177MiB is available on /var/spool/abrt
Aug  9 14:00:29 TIM abrt[2268]: Aborting dump: only 177MiB is available on /var/spool/abrt
Aug  9 14:00:29 TIM abrt[2271]: Aborting dump: only 177MiB is available on /var/spool/abrt
Aug  9 14:00:29 TIM abrt[2274]: Aborting dump: only 177MiB is available on /var/spool/abrt
Aug  9 14:00:29 TIM abrt[2277]: Aborting dump: only 177MiB is available on /var/spool/abrt
Aug  9 14:00:29 TIM abrt[2280]: Aborting dump: only 177MiB is available on /var/spool/abrt
Aug  9 14:00:29 TIM abrt[2283]: Aborting dump: only 177MiB is available on /var/spool/abrt
Aug  9 14:00:29 TIM abrt[2286]: Aborting dump: only 177MiB is available on /var/spool/abrt
Aug  9 14:00:29 TIM abrt[2289]: Aborting dump: only 177MiB is available on /var/spool/abrt
Aug  9 14:00:29 TIM abrt[2292]: Aborting dump: only 177MiB is available on /var/spool/abrt
Aug  9 14:00:29 TIM abrt[2295]: Aborting dump: only 177MiB is available on /var/spool/abrt
Aug  9 14:00:29 TIM abrt[2298]: Aborting dump: only 177MiB is available on /var/spool/abrt
Aug  9 14:00:29 TIM abrt[2301]: Aborting dump: only 177MiB is available on /var/spool/abrt
Aug  9 14:00:29 TIM abrt[2304]: Aborting dump: only 177MiB is available on /var/spool/abrt
Aug  9 14:00:29 TIM abrt[2307]: Aborting dump: only 177MiB is available on /var/spool/abrt
Aug  9 14:00:29 TIM abrt[2310]: Aborting dump: only 177MiB is available on /var/spool/abrt
Aug  9 14:00:29 TIM abrt[2313]: Aborting dump: only 177MiB is available on /var/spool/abrt
Aug  9 14:00:29 TIM abrt[2316]: Aborting dump: only 177MiB is available on /var/spool/abrt
Aug  9 14:00:29 TIM abrt[2319]: Aborting dump: only 177MiB is available on /var/spool/abrt
Aug  9 14:00:29 TIM abrt[2322]: Aborting dump: only 177MiB is available on /var/spool/abrt
Aug  9 14:00:29 TIM abrt[2325]: Aborting dump: only 177MiB is available on /var/spool/abrt
Aug  9 14:00:29 TIM abrt[2328]: Aborting dump: only 177MiB is available on /var/spool/abrt
Aug  9 14:00:29 TIM abrt[2331]: Aborting dump: only 177MiB is available on /var/spool/abrt
Aug  9 14:00:29 TIM abrt[2334]: Aborting dump: only 177MiB is available on /var/spool/abrt
Aug  9 14:00:29 TIM abrt[2337]: Aborting dump: only 177MiB is available on /var/spool/abrt
Aug  9 14:00:29 TIM abrt[2340]: Aborting dump: only 177MiB is available on /var/spool/abrt
Aug  9 14:00:29 TIM abrt[2344]: Aborting dump: only 177MiB is available on /var/spool/abrt
Aug  9 14:00:29 TIM abrt[2347]: Aborting dump: only 177MiB is available on /var/spool/abrt
Aug  9 14:00:29 TIM abrt[2350]: Aborting dump: only 177MiB is available on /var/spool/abrt
Aug  9 14:00:29 TIM abrt[2353]: Aborting dump: only 177MiB is available on /var/spool/abrt
Aug  9 14:00:29 TIM abrt[2356]: Aborting dump: only 177MiB is available on /var/spool/abrt
Aug  9 14:00:29 TIM abrt[2359]: Aborting dump: only 177MiB is available on /var/spool/abrt
Aug  9 14:00:29 TIM abrt[2362]: Aborting dump: only 177MiB is available on /var/spool/abrt
Aug  9 14:00:29 TIM abrt[2365]: Aborting dump: only 177MiB is available on /var/spool/abrt
Aug  9 14:00:29 TIM abrt[2368]: Aborting dump: only 177MiB is available on /var/spool/abrt
Aug  9 14:00:29 TIM abrt[2371]: Aborting dump: only 177MiB is available on /var/spool/abrt
Aug  9 14:00:29 TIM abrt[2374]: Aborting dump: only 177MiB is available on /var/spool/abrt
Aug  9 14:00:29 TIM abrt[2377]: Aborting dump: only 177MiB is available on /var/spool/abrt
Aug  9 14:00:29 TIM abrt[2380]: Aborting dump: only 177MiB is available on /var/spool/abrt
Aug  9 14:00:29 TIM abrt[2383]: Aborting dump: only 177MiB is available on /var/spool/abrt
Aug  9 14:00:29 TIM abrt[2386]: Aborting dump: only 177MiB is available on /var/spool/abrt
Aug  9 14:00:29 TIM abrt[2389]: Aborting dump: only 177MiB is available on /var/spool/abrt
Aug  9 14:00:29 TIM abrt[2392]: Aborting dump: only 177MiB is available on /var/spool/abrt
Aug  9 14:00:29 TIM abrt[2395]: Aborting dump: only 177MiB is available on /var/spool/abrt
Aug  9 14:00:29 TIM abrt[2398]: Aborting dump: only 177MiB is available on /var/spool/abrt
Aug  9 14:00:29 TIM abrt[2401]: Aborting dump: only 177MiB is available on /var/spool/abrt
Aug  9 14:00:29 TIM abrt[2404]: Aborting dump: only 177MiB is available on /var/spool/abrt
Aug  9 14:00:29 TIM abrt[2407]: Aborting dump: only 177MiB is available on /var/spool/abrt
Aug  9 14:00:29 TIM abrt[2410]: Aborting dump: only 177MiB is available on /var/spool/abrt
Aug  9 14:00:29 TIM abrt[2413]: Aborting dump: only 177MiB is available on /var/spool/abrt
Aug  9 14:00:30 TIM abrt[2416]: Aborting dump: only 177MiB is available on /var/spool/abrt
Aug  9 14:00:30 TIM abrt[2419]: Aborting dump: only 177MiB is available on /var/spool/abrt
Aug  9 14:00:30 TIM abrt[2422]: Aborting dump: only 177MiB is available on /var/spool/abrt
Aug  9 14:00:30 TIM abrt[2425]: Aborting dump: only 177MiB is available on /var/spool/abrt
Aug  9 14:00:30 TIM abrt[2428]: Aborting dump: only 177MiB is available on /var/spool/abrt
Aug  9 14:00:30 TIM abrt[2431]: Aborting dump: only 177MiB is available on /var/spool/abrt
Aug  9 14:00:30 TIM abrt[2434]: Aborting dump: only 177MiB is available on /var/spool/abrt
Aug  9 14:00:30 TIM abrt[2437]: Aborting dump: only 177MiB is available on /var/spool/abrt
Aug  9 14:00:30 TIM abrt[2440]: Aborting dump: only 177MiB is available on /var/spool/abrt
Aug  9 14:00:30 TIM abrt[2443]: Aborting dump: only 177MiB is available on /var/spool/abrt
Aug  9 14:00:30 TIM abrt[2446]: Aborting dump: only 177MiB is available on /var/spool/abrt
Aug  9 14:00:30 TIM abrt[2449]: Aborting dump: only 177MiB is available on /var/spool/abrt
Aug  9 14:00:30 TIM abrt[2452]: Aborting dump: only 177MiB is available on /var/spool/abrt
Aug  9 14:00:30 TIM abrt[2455]: Aborting dump: only 177MiB is available on /var/spool/abrt
Aug  9 14:00:30 TIM abrt[2458]: Aborting dump: only 177MiB is available on /var/spool/abrt
Aug  9 14:00:30 TIM abrt[2461]: Aborting dump: only 177MiB is available on /var/spool/abrt
Aug  9 14:00:30 TIM abrt[2464]: Aborting dump: only 177MiB is available on /var/spool/abrt
Aug  9 14:00:30 TIM abrt[2467]: Aborting dump: only 177MiB is available on /var/spool/abrt
Aug  9 14:00:30 TIM abrt[2470]: Aborting dump: only 177MiB is available on /var/spool/abrt
Aug  9 14:00:30 TIM abrt[2473]: Aborting dump: only 177MiB is available on /var/spool/abrt
Aug  9 14:00:30 TIM abrt[2476]: Aborting dump: only 177MiB is available on /var/spool/abrt
Aug  9 14:00:30 TIM abrt[2479]: Aborting dump: only 177MiB is available on /var/spool/abrt
Aug  9 14:00:30 TIM abrt[2482]: Aborting dump: only 177MiB is available on /var/spool/abrt
Aug  9 14:00:30 TIM abrt[2485]: Aborting dump: only 177MiB is available on /var/spool/abrt
Aug  9 14:00:30 TIM abrt[2488]: Aborting dump: only 177MiB is available on /var/spool/abrt
Aug  9 14:00:30 TIM abrt[2491]: Aborting dump: only 177MiB is available on /var/spool/abrt
Aug  9 14:00:30 TIM abrt[2494]: Aborting dump: only 177MiB is available on /var/spool/abrt
Aug  9 14:00:30 TIM abrt[2497]: Aborting dump: only 177MiB is available on /var/spool/abrt
Aug  9 14:00:30 TIM abrt[2500]: Aborting dump: only 177MiB is available on /var/spool/abrt
Aug  9 14:00:30 TIM abrt[2503]: Aborting dump: only 177MiB is available on /var/spool/abrt
Aug  9 14:00:30 TIM abrt[2506]: Aborting dump: only 177MiB is available on /var/spool/abrt
Aug  9 14:00:30 TIM abrt[2509]: Aborting dump: only 177MiB is available on /var/spool/abrt
Aug  9 14:00:30 TIM abrt[2512]: Aborting dump: only 177MiB is available on /var/spool/abrt
Aug  9 14:00:30 TIM abrt[2515]: Aborting dump: only 177MiB is available on /var/spool/abrt
Aug  9 14:00:30 TIM abrt[2518]: Aborting dump: only 177MiB is available on /var/spool/abrt
Aug  9 14:00:30 TIM abrt[2521]: Aborting dump: only 177MiB is available on /var/spool/abrt
Aug  9 14:00:30 TIM abrt[2524]: Aborting dump: only 177MiB is available on /var/spool/abrt
Aug  9 14:00:30 TIM abrt[2527]: Aborting dump: only 177MiB is available on /var/spool/abrt
Aug  9 14:00:30 TIM abrt[2530]: Aborting dump: only 177MiB is available on /var/spool/abrt
Aug  9 14:00:30 TIM abrt[2533]: Aborting dump: only 177MiB is available on /var/spool/abrt
Aug  9 14:00:30 TIM abrt[2536]: Aborting dump: only 177MiB is available on /var/spool/abrt
Aug  9 14:00:30 TIM abrt[2539]: Aborting dump: only 177MiB is available on /var/spool/abrt
Aug  9 14:00:30 TIM abrt[2542]: Aborting dump: only 177MiB is available on /var/spool/abrt
Aug  9 14:00:30 TIM abrt[2545]: Aborting dump: only 177MiB is available on /var/spool/abrt
Aug  9 14:00:30 TIM abrt[2548]: Aborting dump: only 177MiB is available on /var/spool/abrt
Aug  9 14:00:30 TIM abrt[2551]: Aborting dump: only 177MiB is available on /var/spool/abrt
Aug  9 14:00:30 TIM abrt[2554]: Aborting dump: only 177MiB is available on /var/spool/abrt
Aug  9 14:00:30 TIM abrt[2557]: Aborting dump: only 177MiB is available on /var/spool/abrt
Aug  9 14:00:30 TIM abrt[2560]: Aborting dump: only 177MiB is available on /var/spool/abrt
Aug  9 14:00:30 TIM abrt[2563]: Aborting dump: only 177MiB is available on /var/spool/abrt
Aug  9 14:00:30 TIM abrt[2566]: Aborting dump: only 177MiB is available on /var/spool/abrt
Aug  9 14:00:30 TIM abrt[2569]: Aborting dump: only 177MiB is available on /var/spool/abrt
Aug  9 14:00:30 TIM abrt[2572]: Aborting dump: only 177MiB is available on /var/spool/abrt
Aug  9 14:00:30 TIM abrt[2575]: Aborting dump: only 177MiB is available on /var/spool/abrt
Aug  9 14:00:30 TIM abrt[2578]: Aborting dump: only 177MiB is available on /var/spool/abrt
Aug  9 14:00:30 TIM abrt[2581]: Aborting dump: only 177MiB is available on /var/spool/abrt
Aug  9 14:00:30 TIM abrt[2584]: Aborting dump: only 177MiB is available on /var/spool/abrt
Aug  9 14:00:30 TIM abrt[2587]: Aborting dump: only 177MiB is available on /var/spool/abrt
Aug  9 14:00:30 TIM abrt[2590]: Aborting dump: only 177MiB is available on /var/spool/abrt
Aug  9 14:00:30 TIM abrt[2593]: Aborting dump: only 177MiB is available on /var/spool/abrt
Aug  9 14:00:30 TIM abrt[2596]: Aborting dump: only 177MiB is available on /var/spool/abrt
Aug  9 14:00:30 TIM abrt[2599]: Aborting dump: only 177MiB is available on /var/spool/abrt
Aug  9 14:00:30 TIM abrt[2602]: Aborting dump: only 177MiB is available on /var/spool/abrt
Aug  9 14:00:31 TIM abrt[2605]: Aborting dump: only 177MiB is available on /var/spool/abrt
Aug  9 14:00:31 TIM abrt[2608]: Aborting dump: only 177MiB is available on /var/spool/abrt
Aug  9 14:00:31 TIM abrt[2611]: Aborting dump: only 177MiB is available on /var/spool/abrt
Aug  9 14:00:31 TIM abrt[2614]: Aborting dump: only 177MiB is available on /var/spool/abrt
Aug  9 14:00:31 TIM abrt[2617]: Aborting dump: only 177MiB is available on /var/spool/abrt
Aug  9 14:00:31 TIM abrt[2620]: Aborting dump: only 177MiB is available on /var/spool/abrt
Aug  9 14:00:31 TIM abrt[2623]: Aborting dump: only 177MiB is available on /var/spool/abrt
Aug  9 14:00:31 TIM abrt[2626]: Aborting dump: only 177MiB is available on /var/spool/abrt
Aug  9 14:00:31 TIM abrt[2629]: Aborting dump: only 177MiB is available on /var/spool/abrt
Aug  9 14:00:31 TIM abrt[2632]: Aborting dump: only 177MiB is available on /var/spool/abrt
Aug  9 14:00:31 TIM abrt[2635]: Aborting dump: only 177MiB is available on /var/spool/abrt
Aug  9 14:00:31 TIM abrt[2638]: Aborting dump: only 177MiB is available on /var/spool/abrt
Aug  9 14:00:31 TIM abrt[2641]: Aborting dump: only 177MiB is available on /var/spool/abrt
Aug  9 14:00:31 TIM abrt[2644]: Aborting dump: only 177MiB is available on /var/spool/abrt
Aug  9 14:00:31 TIM abrt[2647]: Aborting dump: only 177MiB is available on /var/spool/abrt
Aug  9 14:00:31 TIM abrt[2650]: Aborting dump: only 177MiB is available on /var/spool/abrt
Aug  9 14:00:31 TIM abrt[2653]: Aborting dump: only 177MiB is available on /var/spool/abrt
Aug  9 14:00:31 TIM abrt[2656]: Aborting dump: only 177MiB is available on /var/spool/abrt
Aug  9 14:00:31 TIM abrt[2659]: Aborting dump: only 177MiB is available on /var/spool/abrt
Aug  9 14:00:31 TIM abrt[2662]: Aborting dump: only 177MiB is available on /var/spool/abrt
Aug  9 14:00:31 TIM abrt[2665]: Aborting dump: only 177MiB is available on /var/spool/abrt
Aug  9 14:00:31 TIM abrt[2668]: Aborting dump: only 177MiB is available on /var/spool/abrt
Aug  9 14:00:31 TIM abrt[2671]: Aborting dump: only 177MiB is available on /var/spool/abrt
Aug  9 14:00:31 TIM abrt[2674]: Aborting dump: only 177MiB is available on /var/spool/abrt
Aug  9 14:00:31 TIM abrt[2677]: Aborting dump: only 177MiB is available on /var/spool/abrt
Aug  9 14:00:31 TIM abrt[2680]: Aborting dump: only 177MiB is available on /var/spool/abrt
Aug  9 14:00:31 TIM abrt[2683]: Aborting dump: only 177MiB is available on /var/spool/abrt
Aug  9 14:00:31 TIM abrt[2686]: Aborting dump: only 177MiB is available on /var/spool/abrt
Aug  9 14:00:31 TIM abrt[2689]: Aborting dump: only 177MiB is available on /var/spool/abrt
Aug  9 14:00:31 TIM abrt[2692]: Aborting dump: only 177MiB is available on /var/spool/abrt
Aug  9 14:00:31 TIM abrt[2695]: Aborting dump: only 177MiB is available on /var/spool/abrt
Aug  9 14:00:31 TIM abrt[2698]: Aborting dump: only 177MiB is available on /var/spool/abrt
Aug  9 14:00:31 TIM abrt[2701]: Aborting dump: only 177MiB is available on /var/spool/abrt
Aug  9 14:00:31 TIM abrt[2704]: Aborting dump: only 177MiB is available on /var/spool/abrt
Aug  9 14:00:31 TIM abrt[2707]: Aborting dump: only 177MiB is available on /var/spool/abrt
Aug  9 14:00:31 TIM abrt[2710]: Aborting dump: only 177MiB is available on /var/spool/abrt
Aug  9 14:00:31 TIM abrt[2713]: Aborting dump: only 177MiB is available on /var/spool/abrt
Aug  9 14:00:31 TIM abrt[2716]: Aborting dump: only 177MiB is available on /var/spool/abrt
Aug  9 14:00:31 TIM abrt[2719]: Aborting dump: only 177MiB is available on /var/spool/abrt
Aug  9 14:00:31 TIM abrt[2722]: Aborting dump: only 177MiB is available on /var/spool/abrt
Aug  9 14:00:31 TIM abrt[2725]: Aborting dump: only 177MiB is available on /var/spool/abrt
Aug  9 14:00:31 TIM abrt[2728]: Aborting dump: only 177MiB is available on /var/spool/abrt
Aug  9 14:00:31 TIM abrt[2731]: Aborting dump: only 177MiB is available on /var/spool/abrt
Aug  9 14:00:31 TIM abrt[2734]: Aborting dump: only 177MiB is available on /var/spool/abrt
Aug  9 14:00:31 TIM abrt[2737]: Aborting dump: only 177MiB is available on /var/spool/abrt
Aug  9 14:00:31 TIM abrt[2740]: Aborting dump: only 177MiB is available on /var/spool/abrt
Aug  9 14:00:31 TIM abrt[2743]: Aborting dump: only 177MiB is available on /var/spool/abrt
Aug  9 14:00:31 TIM abrt[2746]: Aborting dump: only 177MiB is available on /var/spool/abrt
Aug  9 14:00:31 TIM abrt[2749]: Aborting dump: only 177MiB is available on /var/spool/abrt
Aug  9 14:00:31 TIM abrt[2752]: Aborting dump: only 177MiB is available on /var/spool/abrt
Aug  9 14:00:31 TIM abrt[2755]: Aborting dump: only 177MiB is available on /var/spool/abrt
Aug  9 14:00:31 TIM abrt[2758]: Aborting dump: only 177MiB is available on /var/spool/abrt
Aug  9 14:00:31 TIM abrt[2761]: Aborting dump: only 177MiB is available on /var/spool/abrt
Aug  9 14:00:31 TIM abrt[2764]: Aborting dump: only 177MiB is available on /var/spool/abrt
Aug  9 14:00:31 TIM abrt[2767]: Aborting dump: only 177MiB is available on /var/spool/abrt
Aug  9 14:00:31 TIM abrt[2770]: Aborting dump: only 177MiB is available on /var/spool/abrt
Aug  9 14:00:31 TIM abrt[2773]: Aborting dump: only 177MiB is available on /var/spool/abrt
Aug  9 14:00:31 TIM abrt[2776]: Aborting dump: only 177MiB is available on /var/spool/abrt
Aug  9 14:00:31 TIM abrt[2779]: Aborting dump: only 177MiB is available on /var/spool/abrt
Aug  9 14:00:31 TIM abrt[2782]: Aborting dump: only 177MiB is available on /var/spool/abrt
Aug  9 14:00:31 TIM abrt[2785]: Aborting dump: only 177MiB is available on /var/spool/abrt
Aug  9 14:00:31 TIM abrt[2788]: Aborting dump: only 177MiB is available on /var/spool/abrt
Aug  9 14:00:31 TIM abrt[2791]: Aborting dump: only 177MiB is available on /var/spool/abrt
Aug  9 14:00:32 TIM abrt[2794]: Aborting dump: only 177MiB is available on /var/spool/abrt
Aug  9 14:00:32 TIM abrt[2797]: Aborting dump: only 177MiB is available on /var/spool/abrt
Aug  9 14:00:32 TIM abrt[2800]: Aborting dump: only 177MiB is available on /var/spool/abrt
Aug  9 14:00:32 TIM abrt[2803]: Aborting dump: only 177MiB is available on /var/spool/abrt
Aug  9 14:00:32 TIM abrt[2806]: Aborting dump: only 177MiB is available on /var/spool/abrt
Aug  9 14:00:32 TIM abrt[2809]: Aborting dump: only 177MiB is available on /var/spool/abrt
Aug  9 14:00:32 TIM abrt[2812]: Aborting dump: only 177MiB is available on /var/spool/abrt
Aug  9 14:00:32 TIM abrt[2815]: Aborting dump: only 177MiB is available on /var/spool/abrt
Aug  9 14:00:32 TIM abrt[2818]: Aborting dump: only 177MiB is available on /var/spool/abrt
Aug  9 14:00:32 TIM abrt[2821]: Aborting dump: only 177MiB is available on /var/spool/abrt
Aug  9 14:00:32 TIM abrt[2824]: Aborting dump: only 177MiB is available on /var/spool/abrt
Aug  9 14:00:32 TIM abrt[2827]: Aborting dump: only 177MiB is available on /var/spool/abrt
Aug  9 14:00:32 TIM abrt[2830]: Aborting dump: only 177MiB is available on /var/spool/abrt
Aug  9 14:00:32 TIM abrt[2833]: Aborting dump: only 177MiB is available on /var/spool/abrt
Aug  9 14:00:32 TIM abrt[2836]: Aborting dump: only 177MiB is available on /var/spool/abrt
Aug  9 14:00:32 TIM abrt[2839]: Aborting dump: only 177MiB is available on /var/spool/abrt
Aug  9 14:00:32 TIM abrt[2842]: Aborting dump: only 177MiB is available on /var/spool/abrt
Aug  9 14:00:32 TIM abrt[2845]: Aborting dump: only 177MiB is available on /var/spool/abrt
Aug  9 14:00:32 TIM abrt[2848]: Aborting dump: only 177MiB is available on /var/spool/abrt
Aug  9 14:00:32 TIM abrt[2851]: Aborting dump: only 177MiB is available on /var/spool/abrt
Aug  9 14:00:32 TIM abrt[2854]: Aborting dump: only 177MiB is available on /var/spool/abrt
Aug  9 14:00:32 TIM abrt[2857]: Aborting dump: only 177MiB is available on /var/spool/abrt
Aug  9 14:00:32 TIM abrt[2860]: Aborting dump: only 177MiB is available on /var/spool/abrt
Aug  9 14:00:32 TIM abrt[2863]: Aborting dump: only 177MiB is available on /var/spool/abrt
Aug  9 14:00:32 TIM abrt[2866]: Aborting dump: only 177MiB is available on /var/spool/abrt
Aug  9 14:00:32 TIM abrt[2869]: Aborting dump: only 177MiB is available on /var/spool/abrt
Aug  9 14:00:32 TIM abrt[2872]: Aborting dump: only 177MiB is available on /var/spool/abrt
Aug  9 14:00:32 TIM abrt[2875]: Aborting dump: only 177MiB is available on /var/spool/abrt
Aug  9 14:00:32 TIM abrt[2878]: Aborting dump: only 177MiB is available on /var/spool/abrt
Aug  9 14:00:32 TIM abrt[2881]: Aborting dump: only 177MiB is available on /var/spool/abrt
Aug  9 14:00:32 TIM abrt[2884]: Aborting dump: only 177MiB is available on /var/spool/abrt
Aug  9 14:00:32 TIM abrt[2887]: Aborting dump: only 177MiB is available on /var/spool/abrt
Aug  9 14:00:32 TIM abrt[2890]: Aborting dump: only 177MiB is available on /var/spool/abrt
Aug  9 14:00:32 TIM abrt[2893]: Aborting dump: only 177MiB is available on /var/spool/abrt
Aug  9 14:00:32 TIM abrt[2896]: Aborting dump: only 177MiB is available on /var/spool/abrt
Aug  9 14:00:32 TIM abrt[2899]: Aborting dump: only 177MiB is available on /var/spool/abrt
Aug  9 14:00:32 TIM abrt[2902]: Aborting dump: only 177MiB is available on /var/spool/abrt
Aug  9 14:00:32 TIM abrt[2905]: Aborting dump: only 177MiB is available on /var/spool/abrt
Aug  9 14:00:32 TIM abrt[2908]: Aborting dump: only 177MiB is available on /var/spool/abrt
Aug  9 14:00:32 TIM abrt[2911]: Aborting dump: only 177MiB is available on /var/spool/abrt
Aug  9 14:00:32 TIM abrt[2914]: Aborting dump: only 177MiB is available on /var/spool/abrt
Aug  9 14:00:32 TIM abrt[2917]: Aborting dump: only 177MiB is available on /var/spool/abrt
Aug  9 14:00:32 TIM abrt[2920]: Aborting dump: only 177MiB is available on /var/spool/abrt
Aug  9 14:00:32 TIM abrt[2923]: Aborting dump: only 177MiB is available on /var/spool/abrt
Aug  9 14:00:32 TIM abrt[2926]: Aborting dump: only 177MiB is available on /var/spool/abrt
Aug  9 14:00:32 TIM abrt[2929]: Aborting dump: only 177MiB is available on /var/spool/abrt
Aug  9 14:00:32 TIM abrt[2932]: Aborting dump: only 177MiB is available on /var/spool/abrt
Aug  9 14:00:32 TIM abrt[2935]: Aborting dump: only 177MiB is available on /var/spool/abrt
Aug  9 14:00:32 TIM abrt[2938]: Aborting dump: only 177MiB is available on /var/spool/abrt
Aug  9 14:00:32 TIM abrt[2941]: Aborting dump: only 177MiB is available on /var/spool/abrt
Aug  9 14:00:32 TIM abrt[2944]: Aborting dump: only 177MiB is available on /var/spool/abrt
Aug  9 14:00:32 TIM abrt[2947]: Aborting dump: only 177MiB is available on /var/spool/abrt
Aug  9 14:00:32 TIM abrt[2950]: Aborting dump: only 177MiB is available on /var/spool/abrt
Aug  9 14:00:32 TIM abrt[2953]: Aborting dump: only 177MiB is available on /var/spool/abrt
Aug  9 14:00:32 TIM abrt[2956]: Aborting dump: only 177MiB is available on /var/spool/abrt
Aug  9 14:00:32 TIM abrt[2959]: Aborting dump: only 177MiB is available on /var/spool/abrt
Aug  9 14:00:32 TIM abrt[2962]: Aborting dump: only 177MiB is available on /var/spool/abrt
Aug  9 14:00:32 TIM abrt[2965]: Aborting dump: only 177MiB is available on /var/spool/abrt
Aug  9 14:00:32 TIM abrt[2968]: Aborting dump: only 177MiB is available on /var/spool/abrt
Aug  9 14:00:32 TIM abrt[2971]: Aborting dump: only 177MiB is available on /var/spool/abrt
Aug  9 14:00:32 TIM abrt[2974]: Aborting dump: only 177MiB is available on /var/spool/abrt
Aug  9 14:00:32 TIM abrt[2977]: Aborting dump: only 177MiB is available on /var/spool/abrt
Aug  9 14:00:32 TIM abrt[2980]: Aborting dump: only 177MiB is available on /var/spool/abrt
Aug  9 14:00:32 TIM abrt[2983]: Aborting dump: only 177MiB is available on /var/spool/abrt
Aug  9 14:00:32 TIM abrt[2986]: Aborting dump: only 177MiB is available on /var/spool/abrt
Aug  9 14:00:32 TIM abrt[2989]: Aborting dump: only 177MiB is available on /var/spool/abrt
Aug  9 14:00:32 TIM abrt[2992]: Aborting dump: only 177MiB is available on /var/spool/abrt
Aug  9 14:00:32 TIM abrt[2995]: Aborting dump: only 177MiB is available on /var/spool/abrt
Aug  9 14:00:32 TIM abrt[2998]: Aborting dump: only 177MiB is available on /var/spool/abrt
Aug  9 14:00:33 TIM abrt[3001]: Aborting dump: only 177MiB is available on /var/spool/abrt
Aug  9 14:00:33 TIM abrt[3004]: Aborting dump: only 177MiB is available on /var/spool/abrt
Aug  9 14:00:33 TIM abrt[3007]: Aborting dump: only 177MiB is available on /var/spool/abrt
Aug  9 14:00:33 TIM abrt[3010]: Aborting dump: only 177MiB is available on /var/spool/abrt
Aug  9 14:00:33 TIM abrt[3013]: Aborting dump: only 177MiB is available on /var/spool/abrt
Aug  9 14:00:33 TIM abrt[3016]: Aborting dump: only 177MiB is available on /var/spool/abrt
Aug  9 14:00:33 TIM abrt[3019]: Aborting dump: only 177MiB is available on /var/spool/abrt
Aug  9 14:00:33 TIM abrt[3022]: Aborting dump: only 177MiB is available on /var/spool/abrt
Aug  9 14:00:33 TIM abrt[3025]: Aborting dump: only 177MiB is available on /var/spool/abrt
Aug  9 14:00:33 TIM abrt[3028]: Aborting dump: only 177MiB is available on /var/spool/abrt
Aug  9 14:00:33 TIM abrt[3031]: Aborting dump: only 177MiB is available on /var/spool/abrt
Aug  9 14:00:33 TIM abrt[3034]: Aborting dump: only 177MiB is available on /var/spool/abrt
Aug  9 14:00:33 TIM abrt[3037]: Aborting dump: only 177MiB is available on /var/spool/abrt
Aug  9 14:00:33 TIM abrt[3040]: Aborting dump: only 177MiB is available on /var/spool/abrt
Aug  9 14:00:33 TIM abrt[3043]: Aborting dump: only 177MiB is available on /var/spool/abrt
Aug  9 14:00:33 TIM abrt[3046]: Aborting dump: only 177MiB is available on /var/spool/abrt
Aug  9 14:00:33 TIM abrt[3049]: Aborting dump: only 177MiB is available on /var/spool/abrt
Aug  9 14:00:33 TIM abrt[3052]: Aborting dump: only 177MiB is available on /var/spool/abrt
Aug  9 14:00:33 TIM abrt[3055]: Aborting dump: only 177MiB is available on /var/spool/abrt
Aug  9 14:00:33 TIM abrt[3058]: Aborting dump: only 177MiB is available on /var/spool/abrt
Aug  9 14:00:33 TIM abrt[3061]: Aborting dump: only 177MiB is available on /var/spool/abrt
Aug  9 14:00:33 TIM abrt[3064]: Aborting dump: only 177MiB is available on /var/spool/abrt
Aug  9 14:00:33 TIM abrt[3067]: Aborting dump: only 177MiB is available on /var/spool/abrt
Aug  9 14:00:33 TIM abrt[3070]: Aborting dump: only 177MiB is available on /var/spool/abrt
Aug  9 14:00:33 TIM abrt[3073]: Aborting dump: only 177MiB is available on /var/spool/abrt
Aug  9 14:00:33 TIM abrt[3076]: Aborting dump: only 177MiB is available on /var/spool/abrt
Aug  9 14:00:33 TIM abrt[3079]: Aborting dump: only 177MiB is available on /var/spool/abrt
Aug  9 14:00:33 TIM abrt[3082]: Aborting dump: only 177MiB is available on /var/spool/abrt
Aug  9 14:00:33 TIM abrt[3085]: Aborting dump: only 177MiB is available on /var/spool/abrt
Aug  9 14:00:33 TIM abrt[3088]: Aborting dump: only 177MiB is available on /var/spool/abrt
Aug  9 14:00:33 TIM abrt[3091]: Aborting dump: only 177MiB is available on /var/spool/abrt
Aug  9 14:00:33 TIM abrt[3094]: Aborting dump: only 177MiB is available on /var/spool/abrt
Aug  9 14:00:33 TIM abrt[3097]: Aborting dump: only 177MiB is available on /var/spool/abrt
Aug  9 14:00:33 TIM abrt[3100]: Aborting dump: only 177MiB is available on /var/spool/abrt
Aug  9 14:00:33 TIM abrt[3103]: Aborting dump: only 177MiB is available on /var/spool/abrt
Aug  9 14:00:33 TIM abrt[3106]: Aborting dump: only 177MiB is available on /var/spool/abrt
Aug  9 14:00:33 TIM abrt[3109]: Aborting dump: only 177MiB is available on /var/spool/abrt
Aug  9 14:00:33 TIM abrt[3112]: Aborting dump: only 177MiB is available on /var/spool/abrt
Aug  9 14:00:33 TIM abrt[3115]: Aborting dump: only 177MiB is available on /var/spool/abrt
Aug  9 14:00:33 TIM abrt[3118]: Aborting dump: only 177MiB is available on /var/spool/abrt
Aug  9 14:00:33 TIM abrt[3121]: Aborting dump: only 177MiB is available on /var/spool/abrt
Aug  9 14:00:33 TIM abrt[3124]: Aborting dump: only 177MiB is available on /var/spool/abrt
Aug  9 14:00:33 TIM abrt[3127]: Aborting dump: only 177MiB is available on /var/spool/abrt
Aug  9 14:00:33 TIM abrt[3130]: Aborting dump: only 177MiB is available on /var/spool/abrt
Aug  9 14:00:33 TIM abrt[3133]: Aborting dump: only 177MiB is available on /var/spool/abrt
Aug  9 14:00:33 TIM abrt[3136]: Aborting dump: only 177MiB is available on /var/spool/abrt
Aug  9 14:00:33 TIM abrt[3139]: Aborting dump: only 177MiB is available on /var/spool/abrt
Aug  9 14:00:33 TIM abrt[3142]: Aborting dump: only 177MiB is available on /var/spool/abrt
Aug  9 14:00:33 TIM abrt[3145]: Aborting dump: only 177MiB is available on /var/spool/abrt
Aug  9 14:00:33 TIM abrt[3148]: Aborting dump: only 177MiB is available on /var/spool/abrt
Aug  9 14:00:33 TIM abrt[3151]: Aborting dump: only 177MiB is available on /var/spool/abrt
Aug  9 14:00:33 TIM abrt[3154]: Aborting dump: only 177MiB is available on /var/spool/abrt
Aug  9 14:00:33 TIM abrt[3157]: Aborting dump: only 177MiB is available on /var/spool/abrt
Aug  9 14:00:33 TIM abrt[3160]: Aborting dump: only 177MiB is available on /var/spool/abrt
Aug  9 14:00:33 TIM abrt[3163]: Aborting dump: only 177MiB is available on /var/spool/abrt
Aug  9 14:00:33 TIM abrt[3166]: Aborting dump: only 177MiB is available on /var/spool/abrt
Aug  9 14:00:33 TIM abrt[3169]: Aborting dump: only 177MiB is available on /var/spool/abrt
Aug  9 14:00:33 TIM abrt[3172]: Aborting dump: only 177MiB is available on /var/spool/abrt
Aug  9 14:00:33 TIM abrt[3175]: Aborting dump: only 177MiB is available on /var/spool/abrt
Aug  9 14:00:33 TIM abrt[3178]: Aborting dump: only 177MiB is available on /var/spool/abrt
Aug  9 14:00:33 TIM abrt[3181]: Aborting dump: only 177MiB is available on /var/spool/abrt
Aug  9 14:00:33 TIM abrt[3184]: Aborting dump: only 177MiB is available on /var/spool/abrt
Aug  9 14:00:33 TIM abrt[3187]: Aborting dump: only 177MiB is available on /var/spool/abrt
Aug  9 14:00:33 TIM abrt[3190]: Aborting dump: only 177MiB is available on /var/spool/abrt
Aug  9 14:00:33 TIM abrt[3193]: Aborting dump: only 177MiB is available on /var/spool/abrt
Aug  9 14:00:34 TIM abrt[3196]: Aborting dump: only 177MiB is available on /var/spool/abrt
Aug  9 14:00:34 TIM abrt[3199]: Aborting dump: only 177MiB is available on /var/spool/abrt
Aug  9 14:00:34 TIM abrt[3202]: Aborting dump: only 177MiB is available on /var/spool/abrt
Aug  9 14:00:34 TIM abrt[3205]: Aborting dump: only 177MiB is available on /var/spool/abrt
Aug  9 14:00:34 TIM abrt[3208]: Aborting dump: only 177MiB is available on /var/spool/abrt
Aug  9 14:00:34 TIM abrt[3211]: Aborting dump: only 177MiB is available on /var/spool/abrt
Aug  9 14:00:34 TIM abrt[3214]: Aborting dump: only 177MiB is available on /var/spool/abrt
Aug  9 14:00:34 TIM abrt[3217]: Aborting dump: only 177MiB is available on /var/spool/abrt
Aug  9 14:00:34 TIM abrt[3220]: Aborting dump: only 177MiB is available on /var/spool/abrt
Aug  9 14:00:34 TIM abrt[3223]: Aborting dump: only 177MiB is available on /var/spool/abrt
Aug  9 14:00:34 TIM abrt[3226]: Aborting dump: only 177MiB is available on /var/spool/abrt
Aug  9 14:00:34 TIM abrt[3229]: Aborting dump: only 177MiB is available on /var/spool/abrt
Aug  9 14:00:34 TIM abrt[3232]: Aborting dump: only 177MiB is available on /var/spool/abrt
Aug  9 14:00:34 TIM abrt[3235]: Aborting dump: only 177MiB is available on /var/spool/abrt
Aug  9 14:00:34 TIM abrt[3238]: Aborting dump: only 177MiB is available on /var/spool/abrt
Aug  9 14:00:34 TIM abrt[3241]: Aborting dump: only 177MiB is available on /var/spool/abrt
Aug  9 14:00:34 TIM abrt[3244]: Aborting dump: only 177MiB is available on /var/spool/abrt
Aug  9 14:00:34 TIM abrt[3247]: Aborting dump: only 177MiB is available on /var/spool/abrt
Aug  9 14:00:34 TIM abrt[3250]: Aborting dump: only 177MiB is available on /var/spool/abrt
Aug  9 14:00:34 TIM abrt[3253]: Aborting dump: only 177MiB is available on /var/spool/abrt
Aug  9 14:00:34 TIM abrt[3256]: Aborting dump: only 177MiB is available on /var/spool/abrt
Aug  9 14:00:34 TIM abrt[3259]: Aborting dump: only 177MiB is available on /var/spool/abrt
Aug  9 14:00:34 TIM abrt[3262]: Aborting dump: only 177MiB is available on /var/spool/abrt
Aug  9 14:00:34 TIM abrt[3265]: Aborting dump: only 177MiB is available on /var/spool/abrt
Aug  9 14:00:34 TIM abrt[3268]: Aborting dump: only 177MiB is available on /var/spool/abrt
Aug  9 14:00:34 TIM abrt[3271]: Aborting dump: only 177MiB is available on /var/spool/abrt
Aug  9 14:00:34 TIM abrt[3274]: Aborting dump: only 177MiB is available on /var/spool/abrt
Aug  9 14:00:34 TIM abrt[3277]: Aborting dump: only 177MiB is available on /var/spool/abrt
Aug  9 14:00:34 TIM abrt[3280]: Aborting dump: only 177MiB is available on /var/spool/abrt
Aug  9 14:00:34 TIM abrt[3283]: Aborting dump: only 177MiB is available on /var/spool/abrt
Aug  9 14:00:34 TIM abrt[3286]: Aborting dump: only 177MiB is available on /var/spool/abrt
Aug  9 14:00:34 TIM abrt[3289]: Aborting dump: only 177MiB is available on /var/spool/abrt
Aug  9 14:00:34 TIM abrt[3292]: Aborting dump: only 177MiB is available on /var/spool/abrt
Aug  9 14:00:34 TIM abrt[3295]: Aborting dump: only 177MiB is available on /var/spool/abrt
Aug  9 14:00:34 TIM abrt[3298]: Aborting dump: only 177MiB is available on /var/spool/abrt
Aug  9 14:00:34 TIM abrt[3301]: Aborting dump: only 177MiB is available on /var/spool/abrt
Aug  9 14:00:34 TIM abrt[3304]: Aborting dump: only 177MiB is available on /var/spool/abrt
Aug  9 14:00:34 TIM abrt[3309]: Aborting dump: only 177MiB is available on /var/spool/abrt
Aug  9 14:00:34 TIM abrt[3312]: Aborting dump: only 177MiB is available on /var/spool/abrt
Aug  9 14:00:34 TIM abrt[3317]: Aborting dump: only 177MiB is available on /var/spool/abrt
Aug  9 14:00:34 TIM abrt[3321]: Aborting dump: only 177MiB is available on /var/spool/abrt
Aug  9 14:00:34 TIM abrt[3329]: Aborting dump: only 177MiB is available on /var/spool/abrt
Aug  9 14:00:34 TIM abrt[3332]: Aborting dump: only 177MiB is available on /var/spool/abrt
Aug  9 14:00:34 TIM abrt[3335]: Aborting dump: only 177MiB is available on /var/spool/abrt
Aug  9 14:00:34 TIM abrt[3338]: Aborting dump: only 177MiB is available on /var/spool/abrt
Aug  9 14:00:34 TIM abrt[3342]: Aborting dump: only 177MiB is available on /var/spool/abrt
Aug  9 14:00:34 TIM polkitd[3314]: started daemon version 0.96 using authority implementation `local' version `0.96'
Aug  9 14:00:34 TIM abrt[3345]: Aborting dump: only 177MiB is available on /var/spool/abrt
Aug  9 14:00:35 TIM abrt[3348]: Aborting dump: only 177MiB is available on /var/spool/abrt
